Archive member included to satisfy reference by file (symbol)

/Applications/ArmGNUToolchain/13.3.rel1/arm-none-eabi/bin/../lib/gcc/arm-none-eabi/13.3.1/thumb/v6-m/nofp/libgcc.a(_dvmd_tls.o)
                              CMakeFiles/test.dir/Users/ludvignorin/pico/pico-sdk/src/rp2_common/pico_divider/divider_hardware.S.obj (__aeabi_idiv0)
/Applications/ArmGNUToolchain/13.3.rel1/arm-none-eabi/bin/../lib/gcc/arm-none-eabi/13.3.1/../../../../arm-none-eabi/lib/thumb/v6-m/nofp/libg.a(libc_a-calloc.o)
                              CMakeFiles/test.dir/Users/ludvignorin/pico/pico-sdk/src/rp2_common/pico_malloc/malloc.c.obj (calloc)
/Applications/ArmGNUToolchain/13.3.rel1/arm-none-eabi/bin/../lib/gcc/arm-none-eabi/13.3.1/../../../../arm-none-eabi/lib/thumb/v6-m/nofp/libg.a(libc_a-callocr.o)
                              /Applications/ArmGNUToolchain/13.3.rel1/arm-none-eabi/bin/../lib/gcc/arm-none-eabi/13.3.1/../../../../arm-none-eabi/lib/thumb/v6-m/nofp/libg.a(libc_a-calloc.o) (_calloc_r)
/Applications/ArmGNUToolchain/13.3.rel1/arm-none-eabi/bin/../lib/gcc/arm-none-eabi/13.3.1/../../../../arm-none-eabi/lib/thumb/v6-m/nofp/libg.a(libc_a-malloc.o)
                              CMakeFiles/test.dir/Users/ludvignorin/pico/pico-sdk/src/rp2_common/pico_malloc/malloc.c.obj (malloc)
/Applications/ArmGNUToolchain/13.3.rel1/arm-none-eabi/bin/../lib/gcc/arm-none-eabi/13.3.1/../../../../arm-none-eabi/lib/thumb/v6-m/nofp/libg.a(libc_a-mallocr.o)
                              /Applications/ArmGNUToolchain/13.3.rel1/arm-none-eabi/bin/../lib/gcc/arm-none-eabi/13.3.1/../../../../arm-none-eabi/lib/thumb/v6-m/nofp/libg.a(libc_a-callocr.o) (_malloc_r)
/Applications/ArmGNUToolchain/13.3.rel1/arm-none-eabi/bin/../lib/gcc/arm-none-eabi/13.3.1/../../../../arm-none-eabi/lib/thumb/v6-m/nofp/libg.a(libc_a-mlock.o)
                              /Applications/ArmGNUToolchain/13.3.rel1/arm-none-eabi/bin/../lib/gcc/arm-none-eabi/13.3.1/../../../../arm-none-eabi/lib/thumb/v6-m/nofp/libg.a(libc_a-mallocr.o) (__malloc_lock)
/Applications/ArmGNUToolchain/13.3.rel1/arm-none-eabi/bin/../lib/gcc/arm-none-eabi/13.3.1/../../../../arm-none-eabi/lib/thumb/v6-m/nofp/libg.a(libc_a-realloc.o)
                              CMakeFiles/test.dir/Users/ludvignorin/pico/pico-sdk/src/rp2_common/pico_malloc/malloc.c.obj (realloc)
/Applications/ArmGNUToolchain/13.3.rel1/arm-none-eabi/bin/../lib/gcc/arm-none-eabi/13.3.1/../../../../arm-none-eabi/lib/thumb/v6-m/nofp/libg.a(libc_a-reallocr.o)
                              /Applications/ArmGNUToolchain/13.3.rel1/arm-none-eabi/bin/../lib/gcc/arm-none-eabi/13.3.1/../../../../arm-none-eabi/lib/thumb/v6-m/nofp/libg.a(libc_a-realloc.o) (_realloc_r)
/Applications/ArmGNUToolchain/13.3.rel1/arm-none-eabi/bin/../lib/gcc/arm-none-eabi/13.3.1/../../../../arm-none-eabi/lib/thumb/v6-m/nofp/libg.a(libc_a-memcmp.o)
                              CMakeFiles/test.dir/Users/ludvignorin/pico/pico-sdk/src/rp2_common/pico_atomic/atomic.c.obj (memcmp)
/Applications/ArmGNUToolchain/13.3.rel1/arm-none-eabi/bin/../lib/gcc/arm-none-eabi/13.3.1/../../../../arm-none-eabi/lib/thumb/v6-m/nofp/libg.a(libc_a-memmove.o)
                              CMakeFiles/test.dir/Users/ludvignorin/pico/pico-sdk/lib/cyw43-driver/src/cyw43_ll.c.obj (memmove)
/Applications/ArmGNUToolchain/13.3.rel1/arm-none-eabi/bin/../lib/gcc/arm-none-eabi/13.3.1/../../../../arm-none-eabi/lib/thumb/v6-m/nofp/libg.a(libc_a-strncmp.o)
                              CMakeFiles/test.dir/Users/ludvignorin/pico/pico-sdk/lib/cyw43-driver/src/cyw43_ll.c.obj (strncmp)
/Applications/ArmGNUToolchain/13.3.rel1/arm-none-eabi/bin/../lib/gcc/arm-none-eabi/13.3.1/../../../../arm-none-eabi/lib/thumb/v6-m/nofp/libg.a(libc_a-lcltime_r.o)
                              CMakeFiles/test.dir/Users/ludvignorin/pico/pico-sdk/src/common/pico_util/datetime.c.obj (localtime_r)
/Applications/ArmGNUToolchain/13.3.rel1/arm-none-eabi/bin/../lib/gcc/arm-none-eabi/13.3.1/../../../../arm-none-eabi/lib/thumb/v6-m/nofp/libg.a(libc_a-mktime.o)
                              CMakeFiles/test.dir/Users/ludvignorin/pico/pico-sdk/src/common/pico_util/datetime.c.obj (mktime)
/Applications/ArmGNUToolchain/13.3.rel1/arm-none-eabi/bin/../lib/gcc/arm-none-eabi/13.3.1/../../../../arm-none-eabi/lib/thumb/v6-m/nofp/libg.a(libc_a-month_lengths.o)
                              /Applications/ArmGNUToolchain/13.3.rel1/arm-none-eabi/bin/../lib/gcc/arm-none-eabi/13.3.1/../../../../arm-none-eabi/lib/thumb/v6-m/nofp/libg.a(libc_a-lcltime_r.o) (__month_lengths)
/Applications/ArmGNUToolchain/13.3.rel1/arm-none-eabi/bin/../lib/gcc/arm-none-eabi/13.3.1/../../../../arm-none-eabi/lib/thumb/v6-m/nofp/libg.a(libc_a-tzcalc_limits.o)
                              /Applications/ArmGNUToolchain/13.3.rel1/arm-none-eabi/bin/../lib/gcc/arm-none-eabi/13.3.1/../../../../arm-none-eabi/lib/thumb/v6-m/nofp/libg.a(libc_a-lcltime_r.o) (__tzcalc_limits)
[...]
Memory Configuration

Name             Origin             Length             Attributes
FLASH            0x10000000         0x00200000         xr
RAM              0x20000000         0x00040000         xrw
SCRATCH_X        0x20040000         0x00001000         xrw
SCRATCH_Y        0x20041000         0x00001000         xrw
*default*        0x00000000         0xffffffff

Linker script and memory map

LOAD /Applications/ArmGNUToolchain/13.3.rel1/arm-none-eabi/bin/../lib/gcc/arm-none-eabi/13.3.1/thumb/v6-m/nofp/crti.o
LOAD /Applications/ArmGNUToolchain/13.3.rel1/arm-none-eabi/bin/../lib/gcc/arm-none-eabi/13.3.1/thumb/v6-m/nofp/crtbegin.o
LOAD /Applications/ArmGNUToolchain/13.3.rel1/arm-none-eabi/bin/../lib/gcc/arm-none-eabi/13.3.1/../../../../arm-none-eabi/lib/thumb/v6-m/nofp/crt0.o

.flash_begin    0x10000000        0x0
                0x10000000                        __flash_binary_start = .

.boot2          0x10000000      0x100
                0x10000000                        __boot2_start__ = .
 *(.boot2)
 .boot2         0x10000000      0x100 /var/folders/c3/r76tbgpj27q9v_nqhl9yhw0w0000gn/T//ccZB0KS6.o
                0x10000100                        __boot2_end__ = .
                0x00000001                        ASSERT (((__boot2_end__ - __boot2_start__) == 0x100), ERROR: Pico second stage bootloader must be 256 bytes in size)

.text           0x10000100     0xa614
                0x10000100                        __logical_binary_start = .
 *(.vectors)
 .vectors       0x10000100       0xd4 CMakeFiles/test.dir/Users/ludvignorin/pico/pico-sdk/src/rp2_common/pico_crt0/crt0.S.obj
                0x10000100                __VECTOR_TABLE
                0x10000100                __vectors
                0x100001c0                __default_isrs_start
                0x100001c0                isr_invalid
                0x100001c2                isr_nmi
                0x100001c4                isr_hardfault
                0x100001c6                isr_svcall
                0x100001c8                isr_pendsv
                0x100001ca                isr_systick
                0x100001cc                isr_irq28
                0x100001cc                isr_irq19
                0x100001cc                isr_irq0
                0x100001cc                isr_irq6
                0x100001cc                isr_irq22
                0x100001cc                isr_irq17
                0x100001cc                isr_irq14
                0x100001cc                isr_irq2
                0x100001cc                isr_irq10
                0x100001cc                isr_irq8
                0x100001cc                isr_irq24
                0x100001cc                isr_irq1
                0x100001cc                isr_irq7
                0x100001cc                isr_irq21
                0x100001cc                isr_irq20
                0x100001cc                isr_irq15
                0x100001cc                isr_irq25
                0x100001cc                isr_irq4
                0x100001cc                isr_irq16
                0x100001cc                isr_irq29
                0x100001cc                isr_irq26
                0x100001cc                __default_isrs_end
                0x100001cc                isr_irq3
                0x100001cc                isr_irq9
                0x100001cc                __unhandled_user_irq
                0x100001cc                isr_irq13
                0x100001cc                isr_irq27
                0x100001cc                isr_irq31
                0x100001cc                isr_irq5
                0x100001cc                isr_irq11
                0x100001cc                isr_irq23
                0x100001cc                isr_irq18
                0x100001cc                isr_irq30
                0x100001cc                isr_irq12
                0x100001d2                unhandled_user_irq_num_in_r0
 *(.binary_info_header)
 .binary_info_header
                0x100001d4       0x14 CMakeFiles/test.dir/Users/ludvignorin/pico/pico-sdk/src/rp2_common/pico_crt0/crt0.S.obj
                0x100001e8                        __binary_info_header_end = .
 *(.embedded_block)
                0x100001e8                        __embedded_block_end = .
 *(.reset)
 .reset         0x100001e8       0x9c CMakeFiles/test.dir/Users/ludvignorin/pico/pico-sdk/src/rp2_common/pico_crt0/crt0.S.obj
                0x100001e8                _entry_point
 *(.init)
 .init          0x10000284        0x4 /Applications/ArmGNUToolchain/13.3.rel1/arm-none-eabi/bin/../lib/gcc/arm-none-eabi/13.3.1/thumb/v6-m/nofp/crti.o
                0x10000284                _init
 *(EXCLUDE_FILE(*libm.a: *libc.a:*lib_a-mem*.o *libgcc.a:) .text*)
 .text.register_tm_clones
                0x10000288       0x28 /Applications/ArmGNUToolchain/13.3.rel1/arm-none-eabi/bin/../lib/gcc/arm-none-eabi/13.3.1/thumb/v6-m/nofp/crtbegin.o
 .text.frame_dummy
                0x100002b0       0x24 /Applications/ArmGNUToolchain/13.3.rel1/arm-none-eabi/bin/../lib/gcc/arm-none-eabi/13.3.1/thumb/v6-m/nofp/crtbegin.o
 .text.startup.main
                0x100002d4       0x3c CMakeFiles/test.dir/test.c.obj
                0x100002d4                main
 .text.gpio_set_function
                0x10000310       0x34 CMakeFiles/test.dir/Users/ludvignorin/pico/pico-sdk/src/rp2_common/hardware_gpio/gpio.c.obj
                0x10000310                gpio_set_function
 .text.gpio_set_pulls
                0x10000344       0x28 CMakeFiles/test.dir/Users/ludvignorin/pico/pico-sdk/src/rp2_common/hardware_gpio/gpio.c.obj
                0x10000344                gpio_set_pulls
 .text.gpio_set_input_hysteresis_enabled
                0x1000036c       0x28 CMakeFiles/test.dir/Users/ludvignorin/pico/pico-sdk/src/rp2_common/hardware_gpio/gpio.c.obj
                0x1000036c                gpio_set_input_hysteresis_enabled
 .text.gpio_set_irq_enabled
                0x10000394       0x58 CMakeFiles/test.dir/Users/ludvignorin/pico/pico-sdk/src/rp2_common/hardware_gpio/gpio.c.obj
                0x10000394                gpio_set_irq_enabled
 .text.gpio_add_raw_irq_handler_with_order_priority_masked
                0x100003ec       0x44 CMakeFiles/test.dir/Users/ludvignorin/pico/pico-sdk/src/rp2_common/hardware_gpio/gpio.c.obj
                0x100003ec                gpio_add_raw_irq_handler_with_order_priority_masked
 .text.gpio_remove_raw_irq_handler_masked
                0x10000430       0x20 CMakeFiles/test.dir/Users/ludvignorin/pico/pico-sdk/src/rp2_common/hardware_gpio/gpio.c.obj
                0x10000430                gpio_remove_raw_irq_handler_masked
 .text.gpio_init
                0x10000450       0x40 CMakeFiles/test.dir/Users/ludvignorin/pico/pico-sdk/src/rp2_common/hardware_gpio/gpio.c.obj
                0x10000450                gpio_init
 .text.rp2040_chip_version
                0x10000490        0xc CMakeFiles/test.dir/Users/ludvignorin/pico/pico-sdk/src/rp2040/pico_platform/platform.c.obj
                0x10000490                rp2040_chip_version
 .text.panic    0x1000049c       0x30 CMakeFiles/test.dir/Users/ludvignorin/pico/pico-sdk/src/rp2_common/pico_platform_panic/panic.c.obj
                0x1000049c                panic
 .text.hw_claim_lock
                0x100004cc       0x18 CMakeFiles/test.dir/Users/ludvignorin/pico/pico-sdk/src/common/hardware_claim/claim.c.obj
                0x100004cc                hw_claim_lock
 .text.hw_claim_unlock
                0x100004e4       0x14 CMakeFiles/test.dir/Users/ludvignorin/pico/pico-sdk/src/common/hardware_claim/claim.c.obj
                0x100004e4                hw_claim_unlock
 .text.hw_claim_or_assert
                0x100004f8       0x44 CMakeFiles/test.dir/Users/ludvignorin/pico/pico-sdk/src/common/hardware_claim/claim.c.obj
                0x100004f8                hw_claim_or_assert
 .text.hw_claim_unused_from_range
                0x1000053c       0x9c CMakeFiles/test.dir/Users/ludvignorin/pico/pico-sdk/src/common/hardware_claim/claim.c.obj
                0x1000053c                hw_claim_unused_from_range
 .text.hw_claim_clear
                0x100005d8       0x38 CMakeFiles/test.dir/Users/ludvignorin/pico/pico-sdk/src/common/hardware_claim/claim.c.obj
                0x100005d8                hw_claim_clear
 .text.next_striped_spin_lock_num
                0x10000610       0x18 CMakeFiles/test.dir/Users/ludvignorin/pico/pico-sdk/src/rp2_common/hardware_sync/sync.c.obj
                0x10000610                next_striped_spin_lock_num
 .text.spin_lock_claim_unused
                0x10000628       0x24 CMakeFiles/test.dir/Users/ludvignorin/pico/pico-sdk/src/rp2_common/hardware_sync/sync.c.obj
                0x10000628                spin_lock_claim_unused
 .text.spin_locks_reset
                0x1000064c       0x1c CMakeFiles/test.dir/Users/ludvignorin/pico/pico-sdk/src/rp2_common/hardware_sync_spin_lock/sync_spin_lock.c.obj
                0x1000064c                spin_locks_reset
 .text.runtime_init_per_core_irq_priorities
                0x10000668       0x24 CMakeFiles/test.dir/Users/ludvignorin/pico/pico-sdk/src/rp2_common/hardware_irq/irq.c.obj
                0x10000668                runtime_init_per_core_irq_priorities
 .text.irq_set_enabled
                0x1000068c       0x24 CMakeFiles/test.dir/Users/ludvignorin/pico/pico-sdk/src/rp2_common/hardware_irq/irq.c.obj
                0x1000068c                irq_set_enabled
 .text.irq_is_enabled
                0x100006b0       0x18 CMakeFiles/test.dir/Users/ludvignorin/pico/pico-sdk/src/rp2_common/hardware_irq/irq.c.obj
                0x100006b0                irq_is_enabled
 .text.irq_set_pending
                0x100006c8       0x10 CMakeFiles/test.dir/Users/ludvignorin/pico/pico-sdk/src/rp2_common/hardware_irq/irq.c.obj
                0x100006c8                irq_set_pending
 .text.irq_has_shared_handler
                0x100006d8       0x2c CMakeFiles/test.dir/Users/ludvignorin/pico/pico-sdk/src/rp2_common/hardware_irq/irq.c.obj
                0x100006d8                irq_has_shared_handler
 .text.irq_set_exclusive_handler
                0x10000704       0x54 CMakeFiles/test.dir/Users/ludvignorin/pico/pico-sdk/src/rp2_common/hardware_irq/irq.c.obj
                0x10000704                irq_set_exclusive_handler
 .text.irq_add_shared_handler
                0x10000758      0x1f4 CMakeFiles/test.dir/Users/ludvignorin/pico/pico-sdk/src/rp2_common/hardware_irq/irq.c.obj
                0x10000758                irq_add_shared_handler
 .text.irq_remove_handler
                0x1000094c      0x1d4 CMakeFiles/test.dir/Users/ludvignorin/pico/pico-sdk/src/rp2_common/hardware_irq/irq.c.obj
                0x1000094c                irq_remove_handler
 .text.irq_set_priority
                0x10000b20       0x28 CMakeFiles/test.dir/Users/ludvignorin/pico/pico-sdk/src/rp2_common/hardware_irq/irq.c.obj
                0x10000b20                irq_set_priority
 .text.irq_add_tail_to_free_list
                0x10000b48       0xb4 CMakeFiles/test.dir/Users/ludvignorin/pico/pico-sdk/src/rp2_common/hardware_irq/irq.c.obj
                0x10000b48                irq_add_tail_to_free_list
 .text.user_irq_unclaim
                0x10000bfc       0x14 CMakeFiles/test.dir/Users/ludvignorin/pico/pico-sdk/src/rp2_common/hardware_irq/irq.c.obj
                0x10000bfc                user_irq_unclaim
 .text.user_irq_claim_unused
                0x10000c10       0x2c CMakeFiles/test.dir/Users/ludvignorin/pico/pico-sdk/src/rp2_common/hardware_irq/irq.c.obj
                0x10000c10                user_irq_claim_unused
 .text.sem_init
                0x10000c3c       0x20 CMakeFiles/test.dir/Users/ludvignorin/pico/pico-sdk/src/common/pico_sync/sem.c.obj
                0x10000c3c                sem_init
 .text.lock_init
                0x10000c5c       0x10 CMakeFiles/test.dir/Users/ludvignorin/pico/pico-sdk/src/common/pico_sync/lock_core.c.obj
                0x10000c5c                lock_init
 .text.runtime_init_mutex
                0x10000c6c       0x50 CMakeFiles/test.dir/Users/ludvignorin/pico/pico-sdk/src/common/pico_sync/mutex.c.obj
                0x10000c6c                runtime_init_mutex
 .text.mutex_init
                0x10000cbc       0x1c CMakeFiles/test.dir/Users/ludvignorin/pico/pico-sdk/src/common/pico_sync/mutex.c.obj
                0x10000cbc                mutex_init
 .text.recursive_mutex_init
                0x10000cd8       0x1c CMakeFiles/test.dir/Users/ludvignorin/pico/pico-sdk/src/common/pico_sync/mutex.c.obj
                0x10000cd8                recursive_mutex_init
 .text.critical_section_init
                0x10000cf4       0x1c CMakeFiles/test.dir/Users/ludvignorin/pico/pico-sdk/src/common/pico_sync/critical_section.c.obj
                0x10000cf4                critical_section_init
 .text.critical_section_init_with_lock_num
                0x10000d10       0x14 CMakeFiles/test.dir/Users/ludvignorin/pico/pico-sdk/src/common/pico_sync/critical_section.c.obj
                0x10000d10                critical_section_init_with_lock_num
 .text.sleep_until_callback
                0x10000d24       0x30 CMakeFiles/test.dir/Users/ludvignorin/pico/pico-sdk/src/common/pico_time/time.c.obj
 .text.alarm_pool_irq_handler
                0x10000d54      0x2e4 CMakeFiles/test.dir/Users/ludvignorin/pico/pico-sdk/src/common/pico_time/time.c.obj
 .text.runtime_init_default_alarm_pool
                0x10001038       0xdc CMakeFiles/test.dir/Users/ludvignorin/pico/pico-sdk/src/common/pico_time/time.c.obj
                0x10001038                runtime_init_default_alarm_pool
 .text.alarm_pool_get_default
                0x10001114        0x8 CMakeFiles/test.dir/Users/ludvignorin/pico/pico-sdk/src/common/pico_time/time.c.obj
                0x10001114                alarm_pool_get_default
 .text.alarm_pool_add_alarm_at
                0x1000111c       0xd4 CMakeFiles/test.dir/Users/ludvignorin/pico/pico-sdk/src/common/pico_time/time.c.obj
                0x1000111c                alarm_pool_add_alarm_at
 .text.alarm_pool_add_alarm_at_force_in_context
                0x100011f0       0xb0 CMakeFiles/test.dir/Users/ludvignorin/pico/pico-sdk/src/common/pico_time/time.c.obj
                0x100011f0                alarm_pool_add_alarm_at_force_in_context
 .text.alarm_pool_cancel_alarm
                0x100012a0       0x74 CMakeFiles/test.dir/Users/ludvignorin/pico/pico-sdk/src/common/pico_time/time.c.obj
                0x100012a0                alarm_pool_cancel_alarm
 .text.alarm_pool_core_num
                0x10001314        0x4 CMakeFiles/test.dir/Users/ludvignorin/pico/pico-sdk/src/common/pico_time/time.c.obj
                0x10001314                alarm_pool_core_num
 .text.sleep_until
                0x10001318       0xd8 CMakeFiles/test.dir/Users/ludvignorin/pico/pico-sdk/src/common/pico_time/time.c.obj
                0x10001318                sleep_until
 .text.sleep_ms
                0x100013f0       0x38 CMakeFiles/test.dir/Users/ludvignorin/pico/pico-sdk/src/common/pico_time/time.c.obj
                0x100013f0                sleep_ms
 .text.best_effort_wfe_or_timeout
                0x10001428      0x134 CMakeFiles/test.dir/Users/ludvignorin/pico/pico-sdk/src/common/pico_time/time.c.obj
                0x10001428                best_effort_wfe_or_timeout
 .text.timer_hardware_alarm_claim
                0x1000155c       0x14 CMakeFiles/test.dir/Users/ludvignorin/pico/pico-sdk/src/rp2_common/hardware_timer/timer.c.obj
                0x1000155c                timer_hardware_alarm_claim
 .text.timer_time_us_64
                0x10001570       0x10 CMakeFiles/test.dir/Users/ludvignorin/pico/pico-sdk/src/rp2_common/hardware_timer/timer.c.obj
                0x10001570                timer_time_us_64
 .text.time_us_64
                0x10001580       0x14 CMakeFiles/test.dir/Users/ludvignorin/pico/pico-sdk/src/rp2_common/hardware_timer/timer.c.obj
                0x10001580                time_us_64
 .text.busy_wait_us
                0x10001594       0x68 CMakeFiles/test.dir/Users/ludvignorin/pico/pico-sdk/src/rp2_common/hardware_timer/timer.c.obj
                0x10001594                busy_wait_us
 .text.busy_wait_until
                0x100015fc       0x20 CMakeFiles/test.dir/Users/ludvignorin/pico/pico-sdk/src/rp2_common/hardware_timer/timer.c.obj
                0x100015fc                busy_wait_until
 .text.uart_init
                0x1000161c      0x120 CMakeFiles/test.dir/Users/ludvignorin/pico/pico-sdk/src/rp2_common/hardware_uart/uart.c.obj
                0x1000161c                uart_init
 .text.clock_configure_int_divider
                0x1000173c       0xf4 CMakeFiles/test.dir/Users/ludvignorin/pico/pico-sdk/src/rp2_common/hardware_clocks/clocks.c.obj
                0x1000173c                clock_configure_int_divider
 .text.clock_configure_undivided
                0x10001830       0xe8 CMakeFiles/test.dir/Users/ludvignorin/pico/pico-sdk/src/rp2_common/hardware_clocks/clocks.c.obj
                0x10001830                clock_configure_undivided
 .text.clock_get_hz
                0x10001918        0xc CMakeFiles/test.dir/Users/ludvignorin/pico/pico-sdk/src/rp2_common/hardware_clocks/clocks.c.obj
                0x10001918                clock_get_hz
 .text.pll_init
                0x10001924       0xa4 CMakeFiles/test.dir/Users/ludvignorin/pico/pico-sdk/src/rp2_common/hardware_pll/pll.c.obj
                0x10001924                pll_init
 .text.watchdog_reboot
                0x100019c8       0x9c CMakeFiles/test.dir/Users/ludvignorin/pico/pico-sdk/src/rp2_common/hardware_watchdog/watchdog.c.obj
                0x100019c8                watchdog_reboot
 .text.tick_start
                0x10001a64       0x10 CMakeFiles/test.dir/Users/ludvignorin/pico/pico-sdk/src/rp2_common/hardware_ticks/ticks.c.obj
                0x10001a64                tick_start
 .text.xosc_init
                0x10001a74       0x28 CMakeFiles/test.dir/Users/ludvignorin/pico/pico-sdk/src/rp2_common/hardware_xosc/xosc.c.obj
                0x10001a74                xosc_init
 .text.first_per_core_initializer
                0x10001a9c        0x4 CMakeFiles/test.dir/Users/ludvignorin/pico/pico-sdk/src/rp2_common/pico_runtime/runtime.c.obj
 .text.hard_assertion_failure
                0x10001aa0        0xc CMakeFiles/test.dir/Users/ludvignorin/pico/pico-sdk/src/rp2_common/pico_runtime/runtime.c.obj
                0x10001aa0                hard_assertion_failure
 .text.runtime_run_initializers
                0x10001aac       0x28 CMakeFiles/test.dir/Users/ludvignorin/pico/pico-sdk/src/rp2_common/pico_runtime/runtime.c.obj
                0x10001aac                runtime_run_initializers
 .text.runtime_init_early_resets
                0x10001ad4       0x2c CMakeFiles/test.dir/Users/ludvignorin/pico/pico-sdk/src/rp2_common/pico_runtime_init/runtime_init.c.obj
                0x10001ad4                runtime_init_early_resets
 .text.runtime_init_usb_power_down
                0x10001b00       0x1c CMakeFiles/test.dir/Users/ludvignorin/pico/pico-sdk/src/rp2_common/pico_runtime_init/runtime_init.c.obj
                0x10001b00                runtime_init_usb_power_down
 .text.runtime_init_post_clock_resets
                0x10001b1c       0x20 CMakeFiles/test.dir/Users/ludvignorin/pico/pico-sdk/src/rp2_common/pico_runtime_init/runtime_init.c.obj
                0x10001b1c                runtime_init_post_clock_resets
 .text.runtime_init_rp2040_gpio_ie_disable
                0x10001b3c       0x14 CMakeFiles/test.dir/Users/ludvignorin/pico/pico-sdk/src/rp2_common/pico_runtime_init/runtime_init.c.obj
                0x10001b3c                runtime_init_rp2040_gpio_ie_disable
 .text.runtime_init_spin_locks_reset
                0x10001b50        0x8 CMakeFiles/test.dir/Users/ludvignorin/pico/pico-sdk/src/rp2_common/pico_runtime_init/runtime_init.c.obj
                0x10001b50                runtime_init_spin_locks_reset
 .text.runtime_init_install_ram_vector_table
                0x10001b58       0x1c CMakeFiles/test.dir/Users/ludvignorin/pico/pico-sdk/src/rp2_common/pico_runtime_init/runtime_init.c.obj
                0x10001b58                runtime_init_install_ram_vector_table
 .text.runtime_init_clocks
                0x10001b74       0xd8 CMakeFiles/test.dir/Users/ludvignorin/pico/pico-sdk/src/rp2_common/pico_runtime_init/runtime_init_clocks.c.obj
                0x10001b74                runtime_init_clocks
 .text          0x10001c4c       0x10 CMakeFiles/test.dir/Users/ludvignorin/pico/pico-sdk/src/rp2_common/pico_bit_ops/bit_ops_aeabi.S.obj
 .text.ctzsi    0x10001c5c        0xc CMakeFiles/test.dir/Users/ludvignorin/pico/pico-sdk/src/rp2_common/pico_bit_ops/bit_ops_aeabi.S.obj
                0x10001c5c                __wrap___ctzsi2
 .text.rom_func_lookup
                0x10001c68       0x10 CMakeFiles/test.dir/Users/ludvignorin/pico/pico-sdk/src/rp2_common/pico_bootrom/bootrom.c.obj
                0x10001c68                rom_func_lookup
 .text.rom_data_lookup
                0x10001c78       0x10 CMakeFiles/test.dir/Users/ludvignorin/pico/pico-sdk/src/rp2_common/pico_bootrom/bootrom.c.obj
                0x10001c78                rom_data_lookup
 .text.rom_funcs_lookup
                0x10001c88       0x44 CMakeFiles/test.dir/Users/ludvignorin/pico/pico-sdk/src/rp2_common/pico_bootrom/bootrom.c.obj
                0x10001c88                rom_funcs_lookup
 .text.rom_reset_usb_boot
                0x10001ccc       0x20 CMakeFiles/test.dir/Users/ludvignorin/pico/pico-sdk/src/rp2_common/pico_bootrom/bootrom.c.obj
                0x10001ccc                rom_reset_usb_boot
 .text.__wrap___aeabi_idiv
                0x10001cec       0x50 CMakeFiles/test.dir/Users/ludvignorin/pico/pico-sdk/src/rp2_common/pico_divider/divider_hardware.S.obj
                0x10001cec                __wrap___aeabi_idivmod
                0x10001cec                divmod_s32s32
                0x10001cec                div_s32s32
                0x10001cec                __wrap___aeabi_idiv
                0x10001cf4                divmod_s32s32_unsafe
                0x10001d20                divmod_s32s32_savestate
 .text.__wrap___aeabi_uidiv
                0x10001d3c       0x4c CMakeFiles/test.dir/Users/ludvignorin/pico/pico-sdk/src/rp2_common/pico_divider/divider_hardware.S.obj
                0x10001d3c                __wrap___aeabi_uidiv
                0x10001d3c                __wrap___aeabi_uidivmod
                0x10001d3c                div_u32u32
                0x10001d3c                divmod_u32u32
                0x10001d44                divmod_u32u32_unsafe
                0x10001d6c                divmod_u32u32_savestate
 .text.__wrap___aeabi_ldiv
                0x10001d88      0x424 CMakeFiles/test.dir/Users/ludvignorin/pico/pico-sdk/src/rp2_common/pico_divider/divider_hardware.S.obj
                0x10001d88                __wrap___aeabi_ldivmod
                0x10001d88                div_s64s64
                0x10001d88                divmod_s64s64
                0x10001db8                divmod_u64u64
                0x10001db8                div_u64u64
                0x10001db8                __wrap___aeabi_uldivmod
                0x10001dc8                divmod_u64u64_savestate
                0x10001de8                divmod_s64s64_unsafe
                0x10001e70                divmod_u64u64_unsafe
 .text.__wrap___aeabi_darithmetic
                0x100021ac       0x60 CMakeFiles/test.dir/Users/ludvignorin/pico/pico-sdk/src/rp2_common/pico_double/double_aeabi_rp2040.S.obj
                0x100021ac                __wrap___aeabi_drsub
                0x100021b2                __wrap___aeabi_dsub
                0x100021bc                __wrap___aeabi_dadd
                0x100021c6                __wrap___aeabi_ddiv
                0x100021fa                __wrap___aeabi_dmul
 .text.__wrap___aeabi_cdcmple
                0x1000220c       0x6c CMakeFiles/test.dir/Users/ludvignorin/pico/pico-sdk/src/rp2_common/pico_double/double_aeabi_rp2040.S.obj
                0x1000220c                __wrap___aeabi_cdrcmple
                0x1000221c                __wrap___aeabi_cdcmple
                0x1000221c                __wrap___aeabi_cdcmpeq
 .text.__wrap___aeabi_dcmplt
                0x10002278        0xc CMakeFiles/test.dir/Users/ludvignorin/pico/pico-sdk/src/rp2_common/pico_double/double_aeabi_rp2040.S.obj
                0x10002278                __wrap___aeabi_dcmplt
 .text.__wrap___aeabi_dcmpge
                0x10002284       0x10 CMakeFiles/test.dir/Users/ludvignorin/pico/pico-sdk/src/rp2_common/pico_double/double_aeabi_rp2040.S.obj
                0x10002284                __wrap___aeabi_dcmpge
 .text.__wrap___aeabi_dcmpgt
                0x10002294        0xa CMakeFiles/test.dir/Users/ludvignorin/pico/pico-sdk/src/rp2_common/pico_double/double_aeabi_rp2040.S.obj
                0x10002294                __wrap___aeabi_dcmpgt
 .text.__wrap___aeabi_dcmpun
                0x1000229e       0x18 CMakeFiles/test.dir/Users/ludvignorin/pico/pico-sdk/src/rp2_common/pico_double/double_aeabi_rp2040.S.obj
                0x1000229e                __wrap___aeabi_dcmpun
 *fill*         0x100022b6        0x2 
 .text.__wrap___aeabi_i2d
                0x100022b8       0x38 CMakeFiles/test.dir/Users/ludvignorin/pico/pico-sdk/src/rp2_common/pico_double/double_aeabi_rp2040.S.obj
                0x100022b8                __wrap___aeabi_ui2d
                0x100022c0                __wrap___aeabi_i2d
 .text.__wrap___aeabi_d2iz
                0x100022f0       0x48 CMakeFiles/test.dir/Users/ludvignorin/pico/pico-sdk/src/rp2_common/pico_double/double_aeabi_rp2040.S.obj
                0x100022f0                __wrap___aeabi_d2iz
                0x100022f0                double2int_z
 .text.__wrap___aeabi_d2uiz
                0x10002338       0x10 CMakeFiles/test.dir/Users/ludvignorin/pico/pico-sdk/src/rp2_common/pico_double/double_aeabi_rp2040.S.obj
                0x10002338                double2uint
                0x10002338                __wrap___aeabi_d2uiz
 .text.missing_double_func_shim
                0x10002348        0xc CMakeFiles/test.dir/Users/ludvignorin/pico/pico-sdk/src/rp2_common/pico_double/double_init_rom_rp2040.c.obj
 .text.__aeabi_double_init
                0x10002354       0xa0 CMakeFiles/test.dir/Users/ludvignorin/pico/pico-sdk/src/rp2_common/pico_double/double_init_rom_rp2040.c.obj
                0x10002354                __aeabi_double_init
 .text.double_table_shim_on_use_helper
                0x100023f4       0x2c CMakeFiles/test.dir/Users/ludvignorin/pico/pico-sdk/src/rp2_common/pico_double/double_v1_rom_shim_rp2040.S.obj
                0x100023f4                double_table_shim_on_use_helper
 .text.__aeabi_lmul
                0x10002420       0x32 CMakeFiles/test.dir/Users/ludvignorin/pico/pico-sdk/src/rp2_common/pico_int64_ops/pico_int64_ops_aeabi.S.obj
                0x10002420                __wrap___aeabi_lmul
 *fill*         0x10002452        0x2 
 .text.missing_float_func_shim
                0x10002454        0xc CMakeFiles/test.dir/Users/ludvignorin/pico/pico-sdk/src/rp2_common/pico_float/float_init_rom_rp2040.c.obj
 .text.__aeabi_float_init
                0x10002460       0x5c CMakeFiles/test.dir/Users/ludvignorin/pico/pico-sdk/src/rp2_common/pico_float/float_init_rom_rp2040.c.obj
                0x10002460                __aeabi_float_init
 .text          0x100024bc       0x10 CMakeFiles/test.dir/Users/ludvignorin/pico/pico-sdk/src/rp2_common/pico_mem_ops/mem_ops_aeabi.S.obj
                0x100024bc                __aeabi_mem_init
 .text.memset   0x100024cc        0xc CMakeFiles/test.dir/Users/ludvignorin/pico/pico-sdk/src/rp2_common/pico_mem_ops/mem_ops_aeabi.S.obj
                0x100024cc                __wrap_memset
 .text.memcpy   0x100024d8        0xc CMakeFiles/test.dir/Users/ludvignorin/pico/pico-sdk/src/rp2_common/pico_mem_ops/mem_ops_aeabi.S.obj
                0x100024d8                __wrap___aeabi_memcpy
                0x100024d8                __wrap_memcpy
 .text._out_null
                0x100024e4        0x4 CMakeFiles/test.dir/Users/ludvignorin/pico/pico-sdk/src/rp2_common/pico_printf/printf.c.obj
 .text._out_rev
                0x100024e8       0xac CMakeFiles/test.dir/Users/ludvignorin/pico/pico-sdk/src/rp2_common/pico_printf/printf.c.obj
 .text._ntoa_format
                0x10002594      0x250 CMakeFiles/test.dir/Users/ludvignorin/pico/pico-sdk/src/rp2_common/pico_printf/printf.c.obj
 .text._out_char
                0x100027e4       0x10 CMakeFiles/test.dir/Users/ludvignorin/pico/pico-sdk/src/rp2_common/pico_printf/printf.c.obj
 .text._out_fct
                0x100027f4       0x10 CMakeFiles/test.dir/Users/ludvignorin/pico/pico-sdk/src/rp2_common/pico_printf/printf.c.obj
 .text._etoa    0x10002804      0x464 CMakeFiles/test.dir/Users/ludvignorin/pico/pico-sdk/src/rp2_common/pico_printf/printf.c.obj
 .text._ftoa    0x10002c68      0x3c0 CMakeFiles/test.dir/Users/ludvignorin/pico/pico-sdk/src/rp2_common/pico_printf/printf.c.obj
 .text._vsnprintf
                0x10003028      0xbc8 CMakeFiles/test.dir/Users/ludvignorin/pico/pico-sdk/src/rp2_common/pico_printf/printf.c.obj
 .text.vfctprintf
                0x10003bf0       0x20 CMakeFiles/test.dir/Users/ludvignorin/pico/pico-sdk/src/rp2_common/pico_printf/printf.c.obj
                0x10003bf0                vfctprintf
 .text.weak_raw_vprintf
                0x10003c10       0x30 CMakeFiles/test.dir/Users/ludvignorin/pico/pico-sdk/src/rp2_common/pico_printf/printf.c.obj
                0x10003c10                weak_raw_vprintf
 .text._exit    0x10003c40        0x4 CMakeFiles/test.dir/Users/ludvignorin/pico/pico-sdk/src/rp2_common/pico_clib_interface/newlib_interface.c.obj
                0x10003c40                _exit
 .text.exit     0x10003c44        0x8 CMakeFiles/test.dir/Users/ludvignorin/pico/pico-sdk/src/rp2_common/pico_clib_interface/newlib_interface.c.obj
                0x10003c44                exit
 .text.runtime_init
                0x10003c4c       0x2c CMakeFiles/test.dir/Users/ludvignorin/pico/pico-sdk/src/rp2_common/pico_clib_interface/newlib_interface.c.obj
                0x10003c4c                runtime_init
 .text.stdio_out_chars_no_crlf
                0x10003c78       0x10 CMakeFiles/test.dir/Users/ludvignorin/pico/pico-sdk/src/rp2_common/pico_stdio/stdio.c.obj
 .text.stdio_out_chars_crlf
                0x10003c88       0x94 CMakeFiles/test.dir/Users/ludvignorin/pico/pico-sdk/src/rp2_common/pico_stdio/stdio.c.obj
 .text.stdio_buffered_printer
                0x10003d1c       0x64 CMakeFiles/test.dir/Users/ludvignorin/pico/pico-sdk/src/rp2_common/pico_stdio/stdio.c.obj
 .text.stdio_put_string
                0x10003d80      0x100 CMakeFiles/test.dir/Users/ludvignorin/pico/pico-sdk/src/rp2_common/pico_stdio/stdio.c.obj
                0x10003d80                stdio_put_string
 .text.stdio_set_driver_enabled
                0x10003e80       0x30 CMakeFiles/test.dir/Users/ludvignorin/pico/pico-sdk/src/rp2_common/pico_stdio/stdio.c.obj
                0x10003e80                stdio_set_driver_enabled
 .text.stdio_init_all
                0x10003eb0       0x10 CMakeFiles/test.dir/Users/ludvignorin/pico/pico-sdk/src/rp2_common/pico_stdio/stdio.c.obj
                0x10003eb0                stdio_init_all
 .text.__wrap_putchar
                0x10003ec0       0x98 CMakeFiles/test.dir/Users/ludvignorin/pico/pico-sdk/src/rp2_common/pico_stdio/stdio.c.obj
                0x10003ec0                stdio_putchar
                0x10003ec0                __wrap_putchar
 .text.__wrap_puts
                0x10003f58       0x3c CMakeFiles/test.dir/Users/ludvignorin/pico/pico-sdk/src/rp2_common/pico_stdio/stdio.c.obj
                0x10003f58                __wrap_puts
                0x10003f58                stdio_puts
 .text.__wrap_vprintf
                0x10003f94       0xd4 CMakeFiles/test.dir/Users/ludvignorin/pico/pico-sdk/src/rp2_common/pico_stdio/stdio.c.obj
                0x10003f94                __wrap_vprintf
                0x10003f94                stdio_vprintf
 .text.__wrap_printf
                0x10004068       0x18 CMakeFiles/test.dir/Users/ludvignorin/pico/pico-sdk/src/rp2_common/pico_stdio/stdio.c.obj
                0x10004068                stdio_printf
                0x10004068                __wrap_printf
 .text.stdio_uart_out_chars
                0x10004080       0x4c CMakeFiles/test.dir/Users/ludvignorin/pico/pico-sdk/src/rp2_common/pico_stdio_uart/stdio_uart.c.obj
 .text.stdio_uart_in_chars
                0x100040cc       0x90 CMakeFiles/test.dir/Users/ludvignorin/pico/pico-sdk/src/rp2_common/pico_stdio_uart/stdio_uart.c.obj
                0x100040cc                stdio_uart_in_chars
 .text.on_uart_rx
                0x1000415c       0x28 CMakeFiles/test.dir/Users/ludvignorin/pico/pico-sdk/src/rp2_common/pico_stdio_uart/stdio_uart.c.obj
 .text.stdio_uart_out_flush
                0x10004184       0x10 CMakeFiles/test.dir/Users/ludvignorin/pico/pico-sdk/src/rp2_common/pico_stdio_uart/stdio_uart.c.obj
 .text.stdio_uart_set_chars_available_callback
                0x10004194       0x8c CMakeFiles/test.dir/Users/ludvignorin/pico/pico-sdk/src/rp2_common/pico_stdio_uart/stdio_uart.c.obj
 .text.stdio_uart_init
                0x10004220       0x50 CMakeFiles/test.dir/Users/ludvignorin/pico/pico-sdk/src/rp2_common/pico_stdio_uart/stdio_uart.c.obj
                0x10004220                stdio_uart_init
 .text.resetd_init
                0x10004270        0x4 CMakeFiles/test.dir/Users/ludvignorin/pico/pico-sdk/src/rp2_common/pico_stdio_usb/reset_interface.c.obj
 .text.resetd_reset
                0x10004274        0xc CMakeFiles/test.dir/Users/ludvignorin/pico/pico-sdk/src/rp2_common/pico_stdio_usb/reset_interface.c.obj
 .text.resetd_open
                0x10004280       0x28 CMakeFiles/test.dir/Users/ludvignorin/pico/pico-sdk/src/rp2_common/pico_stdio_usb/reset_interface.c.obj
 .text.resetd_xfer_cb
                0x100042a8        0x4 CMakeFiles/test.dir/Users/ludvignorin/pico/pico-sdk/src/rp2_common/pico_stdio_usb/reset_interface.c.obj
 .text.resetd_control_xfer_cb
                0x100042ac       0x54 CMakeFiles/test.dir/Users/ludvignorin/pico/pico-sdk/src/rp2_common/pico_stdio_usb/reset_interface.c.obj
 .text.tud_descriptor_bos_cb
                0x10004300        0x8 CMakeFiles/test.dir/Users/ludvignorin/pico/pico-sdk/src/rp2_common/pico_stdio_usb/reset_interface.c.obj
                0x10004300                tud_descriptor_bos_cb
 .text.tud_vendor_control_xfer_cb
                0x10004308       0x34 CMakeFiles/test.dir/Users/ludvignorin/pico/pico-sdk/src/rp2_common/pico_stdio_usb/reset_interface.c.obj
                0x10004308                tud_vendor_control_xfer_cb
 .text.usbd_app_driver_get_cb
                0x1000433c        0xc CMakeFiles/test.dir/Users/ludvignorin/pico/pico-sdk/src/rp2_common/pico_stdio_usb/reset_interface.c.obj
                0x1000433c                usbd_app_driver_get_cb
 .text.tud_cdc_line_coding_cb
                0x10004348       0x28 CMakeFiles/test.dir/Users/ludvignorin/pico/pico-sdk/src/rp2_common/pico_stdio_usb/reset_interface.c.obj
                0x10004348                tud_cdc_line_coding_cb
 .text.stdio_usb_set_chars_available_callback
                0x10004370       0x14 CMakeFiles/test.dir/Users/ludvignorin/pico/pico-sdk/src/rp2_common/pico_stdio_usb/stdio_usb.c.obj
                0x10004370                stdio_usb_set_chars_available_callback
 .text.usb_irq  0x10004384       0x10 CMakeFiles/test.dir/Users/ludvignorin/pico/pico-sdk/src/rp2_common/pico_stdio_usb/stdio_usb.c.obj
 .text.timer_task
                0x10004394       0x64 CMakeFiles/test.dir/Users/ludvignorin/pico/pico-sdk/src/rp2_common/pico_stdio_usb/stdio_usb.c.obj
 .text.stdio_usb_in_chars
                0x100043f8       0x90 CMakeFiles/test.dir/Users/ludvignorin/pico/pico-sdk/src/rp2_common/pico_stdio_usb/stdio_usb.c.obj
                0x100043f8                stdio_usb_in_chars
 .text.stdio_usb_out_flush
                0x10004488       0x50 CMakeFiles/test.dir/Users/ludvignorin/pico/pico-sdk/src/rp2_common/pico_stdio_usb/stdio_usb.c.obj
 .text.stdio_usb_out_chars
                0x100044d8      0x104 CMakeFiles/test.dir/Users/ludvignorin/pico/pico-sdk/src/rp2_common/pico_stdio_usb/stdio_usb.c.obj
 .text.low_priority_worker_irq
                0x100045dc       0xcc CMakeFiles/test.dir/Users/ludvignorin/pico/pico-sdk/src/rp2_common/pico_stdio_usb/stdio_usb.c.obj
 .text.stdio_usb_init
                0x100046a8       0xe8 CMakeFiles/test.dir/Users/ludvignorin/pico/pico-sdk/src/rp2_common/pico_stdio_usb/stdio_usb.c.obj
                0x100046a8                stdio_usb_init
 .text.tud_descriptor_device_cb
                0x10004790        0x8 CMakeFiles/test.dir/Users/ludvignorin/pico/pico-sdk/src/rp2_common/pico_stdio_usb/stdio_usb_descriptors.c.obj
                0x10004790                tud_descriptor_device_cb
 .text.tud_descriptor_configuration_cb
                0x10004798        0x8 CMakeFiles/test.dir/Users/ludvignorin/pico/pico-sdk/src/rp2_common/pico_stdio_usb/stdio_usb_descriptors.c.obj
                0x10004798                tud_descriptor_configuration_cb
 .text.tud_descriptor_string_cb
                0x100047a0       0x78 CMakeFiles/test.dir/Users/ludvignorin/pico/pico-sdk/src/rp2_common/pico_stdio_usb/stdio_usb_descriptors.c.obj
                0x100047a0                tud_descriptor_string_cb
 .text.startup._retrieve_unique_id_on_boot
                0x10004818       0x10 CMakeFiles/test.dir/Users/ludvignorin/pico/pico-sdk/src/rp2_common/pico_unique_id/unique_id.c.obj
 .text.pico_get_unique_board_id
                0x10004828       0x10 CMakeFiles/test.dir/Users/ludvignorin/pico/pico-sdk/src/rp2_common/pico_unique_id/unique_id.c.obj
                0x10004828                pico_get_unique_board_id
 .text.pico_get_unique_board_id_string
                0x10004838      0x1a8 CMakeFiles/test.dir/Users/ludvignorin/pico/pico-sdk/src/rp2_common/pico_unique_id/unique_id.c.obj
                0x10004838                pico_get_unique_board_id_string
 .text.flash_get_unique_id
                0x100049e0       0x3c CMakeFiles/test.dir/Users/ludvignorin/pico/pico-sdk/src/rp2_common/hardware_flash/flash.c.obj
                0x100049e0                flash_get_unique_id
 .text.dcd_init
                0x10004a1c       0x8c CMakeFiles/test.dir/Users/ludvignorin/pico/pico-sdk/lib/tinyusb/src/portable/raspberrypi/rp2040/dcd_rp2040.c.obj
                0x10004a1c                dcd_init
 .text.dcd_int_enable
                0x10004aa8        0xc CMakeFiles/test.dir/Users/ludvignorin/pico/pico-sdk/lib/tinyusb/src/portable/raspberrypi/rp2040/dcd_rp2040.c.obj
                0x10004aa8                dcd_int_enable
 .text.dcd_set_address
                0x10004ab4       0x14 CMakeFiles/test.dir/Users/ludvignorin/pico/pico-sdk/lib/tinyusb/src/portable/raspberrypi/rp2040/dcd_rp2040.c.obj
                0x10004ab4                dcd_set_address
 .text.dcd_sof_enable
                0x10004ac8       0x1c CMakeFiles/test.dir/Users/ludvignorin/pico/pico-sdk/lib/tinyusb/src/portable/raspberrypi/rp2040/dcd_rp2040.c.obj
                0x10004ac8                dcd_sof_enable
 .text.dcd_edpt0_status_complete
                0x10004ae4       0x1c CMakeFiles/test.dir/Users/ludvignorin/pico/pico-sdk/lib/tinyusb/src/portable/raspberrypi/rp2040/dcd_rp2040.c.obj
                0x10004ae4                dcd_edpt0_status_complete
 .text.dcd_edpt_open
                0x10004b00      0x108 CMakeFiles/test.dir/Users/ludvignorin/pico/pico-sdk/lib/tinyusb/src/portable/raspberrypi/rp2040/dcd_rp2040.c.obj
                0x10004b00                dcd_edpt_open
 .text.dcd_edpt_close_all
                0x10004c08        0x8 CMakeFiles/test.dir/Users/ludvignorin/pico/pico-sdk/lib/tinyusb/src/portable/raspberrypi/rp2040/dcd_rp2040.c.obj
                0x10004c08                dcd_edpt_close_all
 .text.dcd_edpt_xfer
                0x10004c10       0x24 CMakeFiles/test.dir/Users/ludvignorin/pico/pico-sdk/lib/tinyusb/src/portable/raspberrypi/rp2040/dcd_rp2040.c.obj
                0x10004c10                dcd_edpt_xfer
 .text.dcd_edpt_stall
                0x10004c34       0x34 CMakeFiles/test.dir/Users/ludvignorin/pico/pico-sdk/lib/tinyusb/src/portable/raspberrypi/rp2040/dcd_rp2040.c.obj
                0x10004c34                dcd_edpt_stall
 .text.dcd_edpt_clear_stall
                0x10004c68       0x30 CMakeFiles/test.dir/Users/ludvignorin/pico/pico-sdk/lib/tinyusb/src/portable/raspberrypi/rp2040/dcd_rp2040.c.obj
                0x10004c68                dcd_edpt_clear_stall
 .text.rp2040_usb_init
                0x10004c98       0x40 CMakeFiles/test.dir/Users/ludvignorin/pico/pico-sdk/lib/tinyusb/src/portable/raspberrypi/rp2040/rp2040_usb.c.obj
                0x10004c98                rp2040_usb_init
 .text.hw_endpoint_xfer_start
                0x10004cd8       0x40 CMakeFiles/test.dir/Users/ludvignorin/pico/pico-sdk/lib/tinyusb/src/portable/raspberrypi/rp2040/rp2040_usb.c.obj
                0x10004cd8                hw_endpoint_xfer_start
 .text.tud_event_hook_cb
                0x10004d18        0x4 CMakeFiles/test.dir/Users/ludvignorin/pico/pico-sdk/lib/tinyusb/src/device/usbd.c.obj
                0x10004d18                tud_event_hook_cb
 .text.tud_sof_cb
                0x10004d1c        0x4 CMakeFiles/test.dir/Users/ludvignorin/pico/pico-sdk/lib/tinyusb/src/device/usbd.c.obj
                0x10004d1c                tud_sof_cb
 .text.tud_descriptor_device_qualifier_cb
                0x10004d20        0x4 CMakeFiles/test.dir/Users/ludvignorin/pico/pico-sdk/lib/tinyusb/src/device/usbd.c.obj
                0x10004d20                tud_descriptor_device_qualifier_cb
 .text.tud_descriptor_other_speed_configuration_cb
                0x10004d24        0x4 CMakeFiles/test.dir/Users/ludvignorin/pico/pico-sdk/lib/tinyusb/src/device/usbd.c.obj
                0x10004d24                tud_descriptor_other_speed_configuration_cb
 .text.tud_mount_cb
                0x10004d28        0x4 CMakeFiles/test.dir/Users/ludvignorin/pico/pico-sdk/lib/tinyusb/src/device/usbd.c.obj
                0x10004d28                tud_mount_cb
 .text.tud_umount_cb
                0x10004d2c        0x4 CMakeFiles/test.dir/Users/ludvignorin/pico/pico-sdk/lib/tinyusb/src/device/usbd.c.obj
                0x10004d2c                tud_umount_cb
 .text.tud_suspend_cb
                0x10004d30        0x4 CMakeFiles/test.dir/Users/ludvignorin/pico/pico-sdk/lib/tinyusb/src/device/usbd.c.obj
                0x10004d30                tud_suspend_cb
 .text.tud_resume_cb
                0x10004d34        0x4 CMakeFiles/test.dir/Users/ludvignorin/pico/pico-sdk/lib/tinyusb/src/device/usbd.c.obj
                0x10004d34                tud_resume_cb
 .text.tud_mounted
                0x10004d38       0x10 CMakeFiles/test.dir/Users/ludvignorin/pico/pico-sdk/lib/tinyusb/src/device/usbd.c.obj
                0x10004d38                tud_mounted
 .text.tud_suspended
                0x10004d48       0x10 CMakeFiles/test.dir/Users/ludvignorin/pico/pico-sdk/lib/tinyusb/src/device/usbd.c.obj
                0x10004d48                tud_suspended
 .text.tud_init
                0x10004d58       0xe4 CMakeFiles/test.dir/Users/ludvignorin/pico/pico-sdk/lib/tinyusb/src/device/usbd.c.obj
                0x10004d58                tud_init
 .text.tud_task_ext
                0x10004e3c      0x800 CMakeFiles/test.dir/Users/ludvignorin/pico/pico-sdk/lib/tinyusb/src/device/usbd.c.obj
                0x10004e3c                tud_task_ext
 .text.usbd_open_edpt_pair
                0x1000563c       0x9c CMakeFiles/test.dir/Users/ludvignorin/pico/pico-sdk/lib/tinyusb/src/device/usbd.c.obj
                0x1000563c                usbd_open_edpt_pair
 .text.usbd_edpt_open
                0x100056d8       0x34 CMakeFiles/test.dir/Users/ludvignorin/pico/pico-sdk/lib/tinyusb/src/device/usbd.c.obj
                0x100056d8                usbd_edpt_open
 .text.usbd_edpt_claim
                0x1000570c       0x28 CMakeFiles/test.dir/Users/ludvignorin/pico/pico-sdk/lib/tinyusb/src/device/usbd.c.obj
                0x1000570c                usbd_edpt_claim
 .text.usbd_edpt_release
                0x10005734       0x28 CMakeFiles/test.dir/Users/ludvignorin/pico/pico-sdk/lib/tinyusb/src/device/usbd.c.obj
                0x10005734                usbd_edpt_release
 .text.usbd_edpt_xfer
                0x1000575c       0x4c CMakeFiles/test.dir/Users/ludvignorin/pico/pico-sdk/lib/tinyusb/src/device/usbd.c.obj
                0x1000575c                usbd_edpt_xfer
 .text.tud_control_status
                0x100057a8       0x2c CMakeFiles/test.dir/Users/ludvignorin/pico/pico-sdk/lib/tinyusb/src/device/usbd_control.c.obj
                0x100057a8                tud_control_status
 .text.tud_control_xfer
                0x100057d4       0xac CMakeFiles/test.dir/Users/ludvignorin/pico/pico-sdk/lib/tinyusb/src/device/usbd_control.c.obj
                0x100057d4                tud_control_xfer
 .text.usbd_control_reset
                0x10005880       0x14 CMakeFiles/test.dir/Users/ludvignorin/pico/pico-sdk/lib/tinyusb/src/device/usbd_control.c.obj
                0x10005880                usbd_control_reset
 .text.usbd_control_set_complete_callback
                0x10005894        0xc CMakeFiles/test.dir/Users/ludvignorin/pico/pico-sdk/lib/tinyusb/src/device/usbd_control.c.obj
                0x10005894                usbd_control_set_complete_callback
 .text.usbd_control_set_request
                0x100058a0       0x1c CMakeFiles/test.dir/Users/ludvignorin/pico/pico-sdk/lib/tinyusb/src/device/usbd_control.c.obj
                0x100058a0                usbd_control_set_request
 .text.usbd_control_xfer_cb
                0x100058bc       0xec CMakeFiles/test.dir/Users/ludvignorin/pico/pico-sdk/lib/tinyusb/src/device/usbd_control.c.obj
                0x100058bc                usbd_control_xfer_cb
 .text._prep_out_transaction.isra.0
                0x100059a8       0x5c CMakeFiles/test.dir/Users/ludvignorin/pico/pico-sdk/lib/tinyusb/src/class/cdc/cdc_device.c.obj
 .text.tud_cdc_n_connected
                0x10005a04       0x30 CMakeFiles/test.dir/Users/ludvignorin/pico/pico-sdk/lib/tinyusb/src/class/cdc/cdc_device.c.obj
                0x10005a04                tud_cdc_n_connected
 .text.tud_cdc_n_available
                0x10005a34       0x18 CMakeFiles/test.dir/Users/ludvignorin/pico/pico-sdk/lib/tinyusb/src/class/cdc/cdc_device.c.obj
                0x10005a34                tud_cdc_n_available
 .text.tud_cdc_n_read
                0x10005a4c       0x98 CMakeFiles/test.dir/Users/ludvignorin/pico/pico-sdk/lib/tinyusb/src/class/cdc/cdc_device.c.obj
                0x10005a4c                tud_cdc_n_read
 .text.tud_cdc_n_write_flush
                0x10005ae4       0x78 CMakeFiles/test.dir/Users/ludvignorin/pico/pico-sdk/lib/tinyusb/src/class/cdc/cdc_device.c.obj
                0x10005ae4                tud_cdc_n_write_flush
 .text.tud_cdc_n_write
                0x10005b5c       0x40 CMakeFiles/test.dir/Users/ludvignorin/pico/pico-sdk/lib/tinyusb/src/class/cdc/cdc_device.c.obj
                0x10005b5c                tud_cdc_n_write
 .text.tud_cdc_n_write_available
                0x10005b9c       0x18 CMakeFiles/test.dir/Users/ludvignorin/pico/pico-sdk/lib/tinyusb/src/class/cdc/cdc_device.c.obj
                0x10005b9c                tud_cdc_n_write_available
 .text.cdcd_init
                0x10005bb4       0x7c CMakeFiles/test.dir/Users/ludvignorin/pico/pico-sdk/lib/tinyusb/src/class/cdc/cdc_device.c.obj
                0x10005bb4                cdcd_init
 .text.cdcd_deinit
                0x10005c30       0x34 CMakeFiles/test.dir/Users/ludvignorin/pico/pico-sdk/lib/tinyusb/src/class/cdc/cdc_device.c.obj
                0x10005c30                cdcd_deinit
 .text.cdcd_reset
                0x10005c64       0x4c CMakeFiles/test.dir/Users/ludvignorin/pico/pico-sdk/lib/tinyusb/src/class/cdc/cdc_device.c.obj
                0x10005c64                cdcd_reset
 .text.cdcd_open
                0x10005cb0       0xb0 CMakeFiles/test.dir/Users/ludvignorin/pico/pico-sdk/lib/tinyusb/src/class/cdc/cdc_device.c.obj
                0x10005cb0                cdcd_open
 .text.cdcd_control_xfer_cb
                0x10005d60       0xe4 CMakeFiles/test.dir/Users/ludvignorin/pico/pico-sdk/lib/tinyusb/src/class/cdc/cdc_device.c.obj
                0x10005d60                cdcd_control_xfer_cb
 .text.cdcd_xfer_cb
                0x10005e44      0x100 CMakeFiles/test.dir/Users/ludvignorin/pico/pico-sdk/lib/tinyusb/src/class/cdc/cdc_device.c.obj
                0x10005e44                cdcd_xfer_cb
 .text.tud_vendor_n_write_flush
                0x10005f44       0x78 CMakeFiles/test.dir/Users/ludvignorin/pico/pico-sdk/lib/tinyusb/src/class/vendor/vendor_device.c.obj
                0x10005f44                tud_vendor_n_write_flush
 .text.vendord_init
                0x10005fbc       0x64 CMakeFiles/test.dir/Users/ludvignorin/pico/pico-sdk/lib/tinyusb/src/class/vendor/vendor_device.c.obj
                0x10005fbc                vendord_init
 .text.vendord_deinit
                0x10006020       0x34 CMakeFiles/test.dir/Users/ludvignorin/pico/pico-sdk/lib/tinyusb/src/class/vendor/vendor_device.c.obj
                0x10006020                vendord_deinit
 .text.vendord_reset
                0x10006054       0x1c CMakeFiles/test.dir/Users/ludvignorin/pico/pico-sdk/lib/tinyusb/src/class/vendor/vendor_device.c.obj
                0x10006054                vendord_reset
 .text.vendord_open
                0x10006070       0xd8 CMakeFiles/test.dir/Users/ludvignorin/pico/pico-sdk/lib/tinyusb/src/class/vendor/vendor_device.c.obj
                0x10006070                vendord_open
 .text.vendord_xfer_cb
                0x10006148       0xc8 CMakeFiles/test.dir/Users/ludvignorin/pico/pico-sdk/lib/tinyusb/src/class/vendor/vendor_device.c.obj
                0x10006148                vendord_xfer_cb
 .text.tusb_init
                0x10006210        0xc CMakeFiles/test.dir/Users/ludvignorin/pico/pico-sdk/lib/tinyusb/src/tusb.c.obj
                0x10006210                tusb_init
 .text.tu_edpt_claim
                0x1000621c       0x50 CMakeFiles/test.dir/Users/ludvignorin/pico/pico-sdk/lib/tinyusb/src/tusb.c.obj
                0x1000621c                tu_edpt_claim
 .text.tu_edpt_release
                0x1000626c       0x38 CMakeFiles/test.dir/Users/ludvignorin/pico/pico-sdk/lib/tinyusb/src/tusb.c.obj
                0x1000626c                tu_edpt_release
 .text.tu_edpt_validate
                0x100062a4       0x7c CMakeFiles/test.dir/Users/ludvignorin/pico/pico-sdk/lib/tinyusb/src/tusb.c.obj
                0x100062a4                tu_edpt_validate
 .text.tu_edpt_bind_driver
                0x10006320       0x34 CMakeFiles/test.dir/Users/ludvignorin/pico/pico-sdk/lib/tinyusb/src/tusb.c.obj
                0x10006320                tu_edpt_bind_driver
 .text.tu_fifo_config
                0x10006354       0x6c CMakeFiles/test.dir/Users/ludvignorin/pico/pico-sdk/lib/tinyusb/src/common/tusb_fifo.c.obj
                0x10006354                tu_fifo_config
 .text.tu_fifo_count
                0x100063c0       0x2c CMakeFiles/test.dir/Users/ludvignorin/pico/pico-sdk/lib/tinyusb/src/common/tusb_fifo.c.obj
                0x100063c0                tu_fifo_count
 .text.tu_fifo_empty
                0x100063ec       0x10 CMakeFiles/test.dir/Users/ludvignorin/pico/pico-sdk/lib/tinyusb/src/common/tusb_fifo.c.obj
                0x100063ec                tu_fifo_empty
 .text.tu_fifo_remaining
                0x100063fc       0x2c CMakeFiles/test.dir/Users/ludvignorin/pico/pico-sdk/lib/tinyusb/src/common/tusb_fifo.c.obj
                0x100063fc                tu_fifo_remaining
 .text.tu_fifo_read
                0x10006428       0x9c CMakeFiles/test.dir/Users/ludvignorin/pico/pico-sdk/lib/tinyusb/src/common/tusb_fifo.c.obj
                0x10006428                tu_fifo_read
 .text.tu_fifo_read_n
                0x100064c4       0xe8 CMakeFiles/test.dir/Users/ludvignorin/pico/pico-sdk/lib/tinyusb/src/common/tusb_fifo.c.obj
                0x100064c4                tu_fifo_read_n
 .text.tu_fifo_write
                0x100065ac       0xa8 CMakeFiles/test.dir/Users/ludvignorin/pico/pico-sdk/lib/tinyusb/src/common/tusb_fifo.c.obj
                0x100065ac                tu_fifo_write
 .text.tu_fifo_write_n
                0x10006654      0x178 CMakeFiles/test.dir/Users/ludvignorin/pico/pico-sdk/lib/tinyusb/src/common/tusb_fifo.c.obj
                0x10006654                tu_fifo_write_n
 .text.tu_fifo_clear
                0x100067cc       0x40 CMakeFiles/test.dir/Users/ludvignorin/pico/pico-sdk/lib/tinyusb/src/common/tusb_fifo.c.obj
                0x100067cc                tu_fifo_clear
 .text.tu_fifo_set_overwritable
                0x1000680c       0x48 CMakeFiles/test.dir/Users/ludvignorin/pico/pico-sdk/lib/tinyusb/src/common/tusb_fifo.c.obj
                0x1000680c                tu_fifo_set_overwritable
 .text.cyw43_arch_set_async_context
                0x10006854        0xc CMakeFiles/test.dir/Users/ludvignorin/pico/pico-sdk/src/rp2_common/pico_cyw43_arch/cyw43_arch.c.obj
                0x10006854                cyw43_arch_set_async_context
 .text.cyw43_arch_gpio_put
                0x10006860       0x14 CMakeFiles/test.dir/Users/ludvignorin/pico/pico-sdk/src/rp2_common/pico_cyw43_arch/cyw43_arch.c.obj
                0x10006860                cyw43_arch_gpio_put
 .text.cyw43_arch_async_context
                0x10006874        0xc CMakeFiles/test.dir/Users/ludvignorin/pico/pico-sdk/src/rp2_common/pico_cyw43_arch/cyw43_arch.c.obj
                0x10006874                cyw43_arch_async_context
 .text.cyw43_arch_init
                0x10006880       0x64 CMakeFiles/test.dir/Users/ludvignorin/pico/pico-sdk/src/rp2_common/pico_cyw43_arch/cyw43_arch_threadsafe_background.c.obj
                0x10006880                cyw43_arch_init
 .text.ns_delay.constprop.0
                0x100068e4       0x20 CMakeFiles/test.dir/Users/ludvignorin/pico/pico-sdk/src/rp2_common/pico_cyw43_driver/cyw43_bus_pio_spi.c.obj
 .text.cyw43_spi_deinit
                0x10006904       0x7c CMakeFiles/test.dir/Users/ludvignorin/pico/pico-sdk/src/rp2_common/pico_cyw43_driver/cyw43_bus_pio_spi.c.obj
                0x10006904                cyw43_spi_deinit
 .text.cyw43_spi_init
                0x10006980      0x134 CMakeFiles/test.dir/Users/ludvignorin/pico/pico-sdk/src/rp2_common/pico_cyw43_driver/cyw43_bus_pio_spi.c.obj
                0x10006980                cyw43_spi_init
 .text.cyw43_spi_transfer
                0x10006ab4      0x3f0 CMakeFiles/test.dir/Users/ludvignorin/pico/pico-sdk/src/rp2_common/pico_cyw43_driver/cyw43_bus_pio_spi.c.obj
                0x10006ab4                cyw43_spi_transfer
 .text.cyw43_spi_gpio_setup
                0x10006ea4       0x3c CMakeFiles/test.dir/Users/ludvignorin/pico/pico-sdk/src/rp2_common/pico_cyw43_driver/cyw43_bus_pio_spi.c.obj
                0x10006ea4                cyw43_spi_gpio_setup
 .text.cyw43_spi_reset
                0x10006ee0       0x28 CMakeFiles/test.dir/Users/ludvignorin/pico/pico-sdk/src/rp2_common/pico_cyw43_driver/cyw43_bus_pio_spi.c.obj
                0x10006ee0                cyw43_spi_reset
 .text.read_reg_u32_swap
                0x10006f08       0x3c CMakeFiles/test.dir/Users/ludvignorin/pico/pico-sdk/src/rp2_common/pico_cyw43_driver/cyw43_bus_pio_spi.c.obj
                0x10006f08                read_reg_u32_swap
 .text.cyw43_read_reg_u32
                0x10006f44       0x50 CMakeFiles/test.dir/Users/ludvignorin/pico/pico-sdk/src/rp2_common/pico_cyw43_driver/cyw43_bus_pio_spi.c.obj
                0x10006f44                cyw43_read_reg_u32
 .text.cyw43_read_reg_u16
                0x10006f94       0x50 CMakeFiles/test.dir/Users/ludvignorin/pico/pico-sdk/src/rp2_common/pico_cyw43_driver/cyw43_bus_pio_spi.c.obj
                0x10006f94                cyw43_read_reg_u16
 .text.cyw43_read_reg_u8
                0x10006fe4       0x50 CMakeFiles/test.dir/Users/ludvignorin/pico/pico-sdk/src/rp2_common/pico_cyw43_driver/cyw43_bus_pio_spi.c.obj
                0x10006fe4                cyw43_read_reg_u8
 .text.write_reg_u32_swap
                0x10007034      0x1e8 CMakeFiles/test.dir/Users/ludvignorin/pico/pico-sdk/src/rp2_common/pico_cyw43_driver/cyw43_bus_pio_spi.c.obj
                0x10007034                write_reg_u32_swap
 .text.cyw43_write_reg_u32
                0x1000721c      0x208 CMakeFiles/test.dir/Users/ludvignorin/pico/pico-sdk/src/rp2_common/pico_cyw43_driver/cyw43_bus_pio_spi.c.obj
                0x1000721c                cyw43_write_reg_u32
 .text.cyw43_write_reg_u16
                0x10007424      0x208 CMakeFiles/test.dir/Users/ludvignorin/pico/pico-sdk/src/rp2_common/pico_cyw43_driver/cyw43_bus_pio_spi.c.obj
                0x10007424                cyw43_write_reg_u16
 .text.cyw43_write_reg_u8
                0x1000762c      0x208 CMakeFiles/test.dir/Users/ludvignorin/pico/pico-sdk/src/rp2_common/pico_cyw43_driver/cyw43_bus_pio_spi.c.obj
                0x1000762c                cyw43_write_reg_u8
 .text.cyw43_read_bytes
                0x10007834       0x78 CMakeFiles/test.dir/Users/ludvignorin/pico/pico-sdk/src/rp2_common/pico_cyw43_driver/cyw43_bus_pio_spi.c.obj
                0x10007834                cyw43_read_bytes
 .text.cyw43_write_bytes
                0x100078ac       0xc0 CMakeFiles/test.dir/Users/ludvignorin/pico/pico-sdk/src/rp2_common/pico_cyw43_driver/cyw43_bus_pio_spi.c.obj
                0x100078ac                cyw43_write_bytes
 .text.cyw43_set_backplane_window
                0x1000796c       0x68 CMakeFiles/test.dir/Users/ludvignorin/pico/pico-sdk/lib/cyw43-driver/src/cyw43_ll.c.obj
 .text.cyw43_ll_parse_async_event
                0x100079d4      0x134 CMakeFiles/test.dir/Users/ludvignorin/pico/pico-sdk/lib/cyw43-driver/src/cyw43_ll.c.obj
 .text.cyw43_kso_set
                0x10007b08       0x80 CMakeFiles/test.dir/Users/ludvignorin/pico/pico-sdk/lib/cyw43-driver/src/cyw43_ll.c.obj
 .text.cyw43_ll_sdpcm_poll_device
                0x10007b88      0x238 CMakeFiles/test.dir/Users/ludvignorin/pico/pico-sdk/lib/cyw43-driver/src/cyw43_ll.c.obj
 .text.cyw43_sdpcm_send_common
                0x10007dc0       0xfc CMakeFiles/test.dir/Users/ludvignorin/pico/pico-sdk/lib/cyw43-driver/src/cyw43_ll.c.obj
 .text.cyw43_do_ioctl.part.0
                0x10007ebc       0xc4 CMakeFiles/test.dir/Users/ludvignorin/pico/pico-sdk/lib/cyw43-driver/src/cyw43_ll.c.obj
 .text.cyw43_download_resource
                0x10007f80       0xd0 CMakeFiles/test.dir/Users/ludvignorin/pico/pico-sdk/lib/cyw43-driver/src/cyw43_ll.c.obj
 .text.cyw43_write_iovar_u32.constprop.0
                0x10008050       0x98 CMakeFiles/test.dir/Users/ludvignorin/pico/pico-sdk/lib/cyw43-driver/src/cyw43_ll.c.obj
 .text.cyw43_write_iovar_n
                0x100080e8       0x8c CMakeFiles/test.dir/Users/ludvignorin/pico/pico-sdk/lib/cyw43-driver/src/cyw43_ll.c.obj
 .text.cyw43_read_backplane.constprop.0
                0x10008174       0xe4 CMakeFiles/test.dir/Users/ludvignorin/pico/pico-sdk/lib/cyw43-driver/src/cyw43_ll.c.obj
 .text.cyw43_write_backplane
                0x10008258      0x10c CMakeFiles/test.dir/Users/ludvignorin/pico/pico-sdk/lib/cyw43-driver/src/cyw43_ll.c.obj
 .text.reset_device_core.constprop.0
                0x10008364      0x410 CMakeFiles/test.dir/Users/ludvignorin/pico/pico-sdk/lib/cyw43-driver/src/cyw43_ll.c.obj
 .text.cyw43_ll_init
                0x10008774       0x1c CMakeFiles/test.dir/Users/ludvignorin/pico/pico-sdk/lib/cyw43-driver/src/cyw43_ll.c.obj
                0x10008774                cyw43_ll_init
 .text.cyw43_ll_deinit
                0x10008790        0x8 CMakeFiles/test.dir/Users/ludvignorin/pico/pico-sdk/lib/cyw43-driver/src/cyw43_ll.c.obj
                0x10008790                cyw43_ll_deinit
 .text.cyw43_ll_process_packets
                0x10008798       0x54 CMakeFiles/test.dir/Users/ludvignorin/pico/pico-sdk/lib/cyw43-driver/src/cyw43_ll.c.obj
                0x10008798                cyw43_ll_process_packets
 .text.cyw43_ll_ioctl
                0x100087ec       0x80 CMakeFiles/test.dir/Users/ludvignorin/pico/pico-sdk/lib/cyw43-driver/src/cyw43_ll.c.obj
                0x100087ec                cyw43_ll_ioctl
 .text.cyw43_ll_bus_sleep
                0x1000886c       0x34 CMakeFiles/test.dir/Users/ludvignorin/pico/pico-sdk/lib/cyw43-driver/src/cyw43_ll.c.obj
                0x1000886c                cyw43_ll_bus_sleep
 .text.cyw43_ll_wifi_get_mac
                0x100088a0       0x74 CMakeFiles/test.dir/Users/ludvignorin/pico/pico-sdk/lib/cyw43-driver/src/cyw43_ll.c.obj
                0x100088a0                cyw43_ll_wifi_get_mac
 .text.cyw43_ll_bus_init
                0x10008914      0x920 CMakeFiles/test.dir/Users/ludvignorin/pico/pico-sdk/lib/cyw43-driver/src/cyw43_ll.c.obj
                0x10008914                cyw43_ll_bus_init
 .text.cyw43_ll_wifi_set_wpa_auth
                0x10009234       0x4c CMakeFiles/test.dir/Users/ludvignorin/pico/pico-sdk/lib/cyw43-driver/src/cyw43_ll.c.obj
                0x10009234                cyw43_ll_wifi_set_wpa_auth
 .text.cyw43_ll_wifi_rejoin
                0x10009280       0x58 CMakeFiles/test.dir/Users/ludvignorin/pico/pico-sdk/lib/cyw43-driver/src/cyw43_ll.c.obj
                0x10009280                cyw43_ll_wifi_rejoin
 .text.cyw43_ll_gpio_set
                0x100092d8       0x94 CMakeFiles/test.dir/Users/ludvignorin/pico/pico-sdk/lib/cyw43-driver/src/cyw43_ll.c.obj
                0x100092d8                cyw43_ll_gpio_set
 .text.cyw43_ll_has_work
                0x1000936c       0x14 CMakeFiles/test.dir/Users/ludvignorin/pico/pico-sdk/lib/cyw43-driver/src/cyw43_ll.c.obj
                0x1000936c                cyw43_ll_has_work
 .text.cyw43_poll_func
                0x10009380       0xc0 CMakeFiles/test.dir/Users/ludvignorin/pico/pico-sdk/lib/cyw43-driver/src/cyw43_ctrl.c.obj
 .text.cyw43_init
                0x10009440       0x6c CMakeFiles/test.dir/Users/ludvignorin/pico/pico-sdk/lib/cyw43-driver/src/cyw43_ctrl.c.obj
                0x10009440                cyw43_init
 .text.cyw43_deinit
                0x100094ac       0x90 CMakeFiles/test.dir/Users/ludvignorin/pico/pico-sdk/lib/cyw43-driver/src/cyw43_ctrl.c.obj
                0x100094ac                cyw43_deinit
 .text.cyw43_cb_read_host_interrupt_pin
                0x1000953c        0xc CMakeFiles/test.dir/Users/ludvignorin/pico/pico-sdk/lib/cyw43-driver/src/cyw43_ctrl.c.obj
                0x1000953c                cyw43_cb_read_host_interrupt_pin
 .text.cyw43_cb_ensure_awake
                0x10009548        0xc CMakeFiles/test.dir/Users/ludvignorin/pico/pico-sdk/lib/cyw43-driver/src/cyw43_ctrl.c.obj
                0x10009548                cyw43_cb_ensure_awake
 .text.cyw43_cb_process_async_event
                0x10009554      0x214 CMakeFiles/test.dir/Users/ludvignorin/pico/pico-sdk/lib/cyw43-driver/src/cyw43_ctrl.c.obj
                0x10009554                cyw43_cb_process_async_event
 .text.cyw43_gpio_set
                0x10009768       0xa0 CMakeFiles/test.dir/Users/ludvignorin/pico/pico-sdk/lib/cyw43-driver/src/cyw43_ctrl.c.obj
                0x10009768                cyw43_gpio_set
 .text.pio_sm_unclaim
                0x10009808       0x20 CMakeFiles/test.dir/Users/ludvignorin/pico/pico-sdk/src/rp2_common/hardware_pio/pio.c.obj
                0x10009808                pio_sm_unclaim
 .text.pio_claim_unused_sm
                0x10009828       0x38 CMakeFiles/test.dir/Users/ludvignorin/pico/pico-sdk/src/rp2_common/hardware_pio/pio.c.obj
                0x10009828                pio_claim_unused_sm
 .text.pio_can_add_program
                0x10009860       0x90 CMakeFiles/test.dir/Users/ludvignorin/pico/pico-sdk/src/rp2_common/hardware_pio/pio.c.obj
                0x10009860                pio_can_add_program
 .text.pio_add_program
                0x100098f0      0x104 CMakeFiles/test.dir/Users/ludvignorin/pico/pico-sdk/src/rp2_common/hardware_pio/pio.c.obj
                0x100098f0                pio_add_program
 .text.pio_remove_program
                0x100099f4       0x30 CMakeFiles/test.dir/Users/ludvignorin/pico/pico-sdk/src/rp2_common/hardware_pio/pio.c.obj
                0x100099f4                pio_remove_program
 .text.pio_sm_set_pindirs_with_mask
                0x10009a24       0xac CMakeFiles/test.dir/Users/ludvignorin/pico/pico-sdk/src/rp2_common/hardware_pio/pio.c.obj
                0x10009a24                pio_sm_set_pindirs_with_mask
 .text.pio_sm_set_consecutive_pindirs
                0x10009ad0       0xb4 CMakeFiles/test.dir/Users/ludvignorin/pico/pico-sdk/src/rp2_common/hardware_pio/pio.c.obj
                0x10009ad0                pio_sm_set_consecutive_pindirs
 .text.dma_channel_unclaim
                0x10009b84       0x14 CMakeFiles/test.dir/Users/ludvignorin/pico/pico-sdk/src/rp2_common/hardware_dma/dma.c.obj
                0x10009b84                dma_channel_unclaim
 .text.dma_claim_unused_channel
                0x10009b98       0x24 CMakeFiles/test.dir/Users/ludvignorin/pico/pico-sdk/src/rp2_common/hardware_dma/dma.c.obj
                0x10009b98                dma_claim_unused_channel
 .text.dma_channel_cleanup
                0x10009bbc       0x64 CMakeFiles/test.dir/Users/ludvignorin/pico/pico-sdk/src/rp2_common/hardware_dma/dma.c.obj
                0x10009bbc                dma_channel_cleanup
 .text.cyw43_sleep_timeout_reached
                0x10009c20       0x10 CMakeFiles/test.dir/Users/ludvignorin/pico/pico-sdk/src/rp2_common/pico_cyw43_driver/cyw43_driver.c.obj
 .text.cyw43_irq_init
                0x10009c30       0x28 CMakeFiles/test.dir/Users/ludvignorin/pico/pico-sdk/src/rp2_common/pico_cyw43_driver/cyw43_driver.c.obj
                0x10009c30                cyw43_irq_init
 .text.cyw43_irq_deinit
                0x10009c58       0x20 CMakeFiles/test.dir/Users/ludvignorin/pico/pico-sdk/src/rp2_common/pico_cyw43_driver/cyw43_driver.c.obj
                0x10009c58                cyw43_irq_deinit
 .text.cyw43_gpio_irq_handler
                0x10009c78       0x44 CMakeFiles/test.dir/Users/ludvignorin/pico/pico-sdk/src/rp2_common/pico_cyw43_driver/cyw43_driver.c.obj
 .text.cyw43_do_poll
                0x10009cbc       0x70 CMakeFiles/test.dir/Users/ludvignorin/pico/pico-sdk/src/rp2_common/pico_cyw43_driver/cyw43_driver.c.obj
 .text.cyw43_post_poll_hook
                0x10009d2c       0x10 CMakeFiles/test.dir/Users/ludvignorin/pico/pico-sdk/src/rp2_common/pico_cyw43_driver/cyw43_driver.c.obj
                0x10009d2c                cyw43_post_poll_hook
 .text.cyw43_schedule_internal_poll_dispatch
                0x10009d3c       0x18 CMakeFiles/test.dir/Users/ludvignorin/pico/pico-sdk/src/rp2_common/pico_cyw43_driver/cyw43_driver.c.obj
                0x10009d3c                cyw43_schedule_internal_poll_dispatch
 .text.cyw43_driver_init
                0x10009d54       0x38 CMakeFiles/test.dir/Users/ludvignorin/pico/pico-sdk/src/rp2_common/pico_cyw43_driver/cyw43_driver.c.obj
                0x10009d54                cyw43_driver_init
 .text.cyw43_driver_deinit
                0x10009d8c       0x44 CMakeFiles/test.dir/Users/ludvignorin/pico/pico-sdk/src/rp2_common/pico_cyw43_driver/cyw43_driver.c.obj
                0x10009d8c                cyw43_driver_deinit
 .text.cyw43_hal_generate_laa_mac
                0x10009dd0       0x28 CMakeFiles/test.dir/Users/ludvignorin/pico/pico-sdk/src/rp2_common/pico_cyw43_driver/cyw43_driver.c.obj
                0x10009dd0                cyw43_hal_generate_laa_mac
 .text.cyw43_thread_enter
                0x10009df8       0x14 CMakeFiles/test.dir/Users/ludvignorin/pico/pico-sdk/src/rp2_common/pico_cyw43_driver/cyw43_driver.c.obj
                0x10009df8                cyw43_thread_enter
 .text.cyw43_thread_exit
                0x10009e0c       0x14 CMakeFiles/test.dir/Users/ludvignorin/pico/pico-sdk/src/rp2_common/pico_cyw43_driver/cyw43_driver.c.obj
                0x10009e0c                cyw43_thread_exit
 .text.cyw43_await_background_or_timeout_us
                0x10009e20       0x64 CMakeFiles/test.dir/Users/ludvignorin/pico/pico-sdk/src/rp2_common/pico_cyw43_driver/cyw43_driver.c.obj
                0x10009e20                cyw43_await_background_or_timeout_us
 .text.cyw43_delay_ms
                0x10009e84       0x48 CMakeFiles/test.dir/Users/ludvignorin/pico/pico-sdk/src/rp2_common/pico_cyw43_driver/cyw43_driver.c.obj
                0x10009e84                cyw43_delay_ms
 .text.cyw43_cb_tcpip_deinit
                0x10009ecc        0x4 CMakeFiles/test.dir/Users/ludvignorin/pico/pico-sdk/src/rp2_common/pico_cyw43_driver/cyw43_driver.c.obj
                0x10009ecc                cyw43_cb_tcpip_deinit
 .text.cyw43_cb_tcpip_set_link_up
                0x10009ed0        0xc CMakeFiles/test.dir/Users/ludvignorin/pico/pico-sdk/src/rp2_common/pico_cyw43_driver/cyw43_driver.c.obj
                0x10009ed0                cyw43_cb_tcpip_set_link_up
 .text.cyw43_cb_tcpip_set_link_down
                0x10009edc        0xc CMakeFiles/test.dir/Users/ludvignorin/pico/pico-sdk/src/rp2_common/pico_cyw43_driver/cyw43_driver.c.obj
                0x10009edc                cyw43_cb_tcpip_set_link_down
 .text.cyw43_cb_process_ethernet
                0x10009ee8        0xc CMakeFiles/test.dir/Users/ludvignorin/pico/pico-sdk/src/rp2_common/pico_cyw43_driver/cyw43_driver.c.obj
                0x10009ee8                cyw43_cb_process_ethernet
 .text.async_context_threadsafe_background_acquire_lock_blocking
                0x10009ef4        0xc CMakeFiles/test.dir/Users/ludvignorin/pico/pico-sdk/src/rp2_common/pico_async_context/async_context_threadsafe_background.c.obj
 .text.alarm_handler
                0x10009f00       0x20 CMakeFiles/test.dir/Users/ludvignorin/pico/pico-sdk/src/rp2_common/pico_async_context/async_context_threadsafe_background.c.obj
 .text.async_context_threadsafe_background_set_work_pending
                0x10009f20       0x1c CMakeFiles/test.dir/Users/ludvignorin/pico/pico-sdk/src/rp2_common/pico_async_context/async_context_threadsafe_background.c.obj
 .text.process_under_lock
                0x10009f3c       0xcc CMakeFiles/test.dir/Users/ludvignorin/pico/pico-sdk/src/rp2_common/pico_async_context/async_context_threadsafe_background.c.obj
 .text.async_context_threadsafe_background_execute_sync
                0x1000a008       0x30 CMakeFiles/test.dir/Users/ludvignorin/pico/pico-sdk/src/rp2_common/pico_async_context/async_context_threadsafe_background.c.obj
                0x1000a008                async_context_threadsafe_background_execute_sync
 .text.async_context_threadsafe_background_deinit
                0x1000a038       0x54 CMakeFiles/test.dir/Users/ludvignorin/pico/pico-sdk/src/rp2_common/pico_async_context/async_context_threadsafe_background.c.obj
 .text.low_priority_irq_handler
                0x1000a08c       0x3c CMakeFiles/test.dir/Users/ludvignorin/pico/pico-sdk/src/rp2_common/pico_async_context/async_context_threadsafe_background.c.obj
 .text.async_context_threadsafe_background_wait_for_work_until
                0x1000a0c8        0xc CMakeFiles/test.dir/Users/ludvignorin/pico/pico-sdk/src/rp2_common/pico_async_context/async_context_threadsafe_background.c.obj
 .text.async_context_threadsafe_background_wait_until
                0x1000a0d4       0x1c CMakeFiles/test.dir/Users/ludvignorin/pico/pico-sdk/src/rp2_common/pico_async_context/async_context_threadsafe_background.c.obj
 .text.async_context_threadsafe_background_lock_check
                0x1000a0f0       0x28 CMakeFiles/test.dir/Users/ludvignorin/pico/pico-sdk/src/rp2_common/pico_async_context/async_context_threadsafe_background.c.obj
 .text.async_context_threadsafe_background_release_lock
                0x1000a118       0x1c CMakeFiles/test.dir/Users/ludvignorin/pico/pico-sdk/src/rp2_common/pico_async_context/async_context_threadsafe_background.c.obj
 .text.async_context_threadsafe_background_add_at_time_worker
                0x1000a134       0x34 CMakeFiles/test.dir/Users/ludvignorin/pico/pico-sdk/src/rp2_common/pico_async_context/async_context_threadsafe_background.c.obj
 .text.async_context_threadsafe_background_remove_at_time_worker
                0x1000a168       0x34 CMakeFiles/test.dir/Users/ludvignorin/pico/pico-sdk/src/rp2_common/pico_async_context/async_context_threadsafe_background.c.obj
 .text.async_context_threadsafe_background_add_when_pending_worker
                0x1000a19c       0x34 CMakeFiles/test.dir/Users/ludvignorin/pico/pico-sdk/src/rp2_common/pico_async_context/async_context_threadsafe_background.c.obj
 .text.async_context_threadsafe_background_when_pending_worker
                0x1000a1d0       0x34 CMakeFiles/test.dir/Users/ludvignorin/pico/pico-sdk/src/rp2_common/pico_async_context/async_context_threadsafe_background.c.obj
 .text.async_context_threadsafe_background_default_config
                0x1000a204        0xc CMakeFiles/test.dir/Users/ludvignorin/pico/pico-sdk/src/rp2_common/pico_async_context/async_context_threadsafe_background.c.obj
                0x1000a204                async_context_threadsafe_background_default_config
 .text.async_context_threadsafe_background_init
                0x1000a210       0x8c CMakeFiles/test.dir/Users/ludvignorin/pico/pico-sdk/src/rp2_common/pico_async_context/async_context_threadsafe_background.c.obj
                0x1000a210                async_context_threadsafe_background_init
 .text.async_context_base_add_at_time_worker
                0x1000a29c       0x24 CMakeFiles/test.dir/Users/ludvignorin/pico/pico-sdk/src/rp2_common/pico_async_context/async_context_base.c.obj
                0x1000a29c                async_context_base_add_at_time_worker
 .text.async_context_base_remove_at_time_worker
                0x1000a2c0       0x28 CMakeFiles/test.dir/Users/ludvignorin/pico/pico-sdk/src/rp2_common/pico_async_context/async_context_base.c.obj
                0x1000a2c0                async_context_base_remove_at_time_worker
 .text.async_context_base_add_when_pending_worker
                0x1000a2e8       0x24 CMakeFiles/test.dir/Users/ludvignorin/pico/pico-sdk/src/rp2_common/pico_async_context/async_context_base.c.obj
                0x1000a2e8                async_context_base_add_when_pending_worker
 .text.async_context_base_remove_when_pending_worker
                0x1000a30c       0x28 CMakeFiles/test.dir/Users/ludvignorin/pico/pico-sdk/src/rp2_common/pico_async_context/async_context_base.c.obj
                0x1000a30c                async_context_base_remove_when_pending_worker
 .text.async_context_base_execute_once
                0x1000a334      0x108 CMakeFiles/test.dir/Users/ludvignorin/pico/pico-sdk/src/rp2_common/pico_async_context/async_context_base.c.obj
                0x1000a334                async_context_base_execute_once
 .text.memmove  0x1000a43c       0xb0 /Applications/ArmGNUToolchain/13.3.rel1/arm-none-eabi/bin/../lib/gcc/arm-none-eabi/13.3.1/../../../../arm-none-eabi/lib/thumb/v6-m/nofp/libg.a(libc_a-memmove.o)
                0x1000a43c                memmove
 .text.strncmp  0x1000a4ec       0x74 /Applications/ArmGNUToolchain/13.3.rel1/arm-none-eabi/bin/../lib/gcc/arm-none-eabi/13.3.1/../../../../arm-none-eabi/lib/thumb/v6-m/nofp/libg.a(libc_a-strncmp.o)
                0x1000a4ec                strncmp
 .text.strlen   0x1000a560       0x5c /Applications/ArmGNUToolchain/13.3.rel1/arm-none-eabi/bin/../lib/gcc/arm-none-eabi/13.3.1/../../../../arm-none-eabi/lib/thumb/v6-m/nofp/libg.a(libc_a-strlen-stub.o)
                0x1000a560                strlen
 *(.fini)
 .fini          0x1000a5bc        0x4 /Applications/ArmGNUToolchain/13.3.rel1/arm-none-eabi/bin/../lib/gcc/arm-none-eabi/13.3.1/thumb/v6-m/nofp/crti.o
                0x1000a5bc                _fini
 .fini.__stub   0x1000a5c0      0x110 linker stubs
 *crtbegin.o(.ctors)
 *crtbegin?.o(.ctors)
 *(EXCLUDE_FILE(*crtend.o *crtend?.o) .ctors)
 *(SORT_BY_NAME(.ctors.*))
 *(.ctors)
 *crtbegin.o(.dtors)
 *crtbegin?.o(.dtors)
 *(EXCLUDE_FILE(*crtend.o *crtend?.o) .dtors)
 *(SORT_BY_NAME(.dtors.*))
 *(.dtors)
                0x1000a6d0                        . = ALIGN (0x4)
                0x1000a6d0                        PROVIDE (__preinit_array_start = .)
 *(SORT_BY_NAME(.preinit_array.*))
 .preinit_array.00100
                0x1000a6d0        0x4 CMakeFiles/test.dir/Users/ludvignorin/pico/pico-sdk/src/rp2_common/pico_runtime_init/runtime_init.c.obj
                0x1000a6d0                __pre_init_runtime_init_early_resets
 .preinit_array.00101
                0x1000a6d4        0x4 CMakeFiles/test.dir/Users/ludvignorin/pico/pico-sdk/src/rp2_common/pico_runtime_init/runtime_init.c.obj
                0x1000a6d4                __pre_init_runtime_init_usb_power_down
 .preinit_array.00275
                0x1000a6d8        0x4 CMakeFiles/test.dir/Users/ludvignorin/pico/pico-sdk/src/rp2_common/pico_bit_ops/bit_ops_aeabi.S.obj
 .preinit_array.00300
                0x1000a6dc        0x4 CMakeFiles/test.dir/Users/ludvignorin/pico/pico-sdk/src/rp2_common/pico_mem_ops/mem_ops_aeabi.S.obj
 .preinit_array.00350
                0x1000a6e0        0x4 CMakeFiles/test.dir/Users/ludvignorin/pico/pico-sdk/src/rp2_common/pico_double/double_aeabi_rp2040.S.obj
 .preinit_array.00350
                0x1000a6e4        0x4 CMakeFiles/test.dir/Users/ludvignorin/pico/pico-sdk/src/rp2_common/pico_float/float_aeabi_rp2040.S.obj
 .preinit_array.00500
                0x1000a6e8        0x4 CMakeFiles/test.dir/Users/ludvignorin/pico/pico-sdk/src/rp2_common/pico_runtime_init/runtime_init.c.obj
                0x1000a6e8                __pre_init_runtime_init_clocks
 .preinit_array.00600
                0x1000a6ec        0x4 CMakeFiles/test.dir/Users/ludvignorin/pico/pico-sdk/src/rp2_common/pico_runtime_init/runtime_init.c.obj
                0x1000a6ec                __pre_init_runtime_init_post_clock_resets
 .preinit_array.00700
                0x1000a6f0        0x4 CMakeFiles/test.dir/Users/ludvignorin/pico/pico-sdk/src/rp2_common/pico_runtime_init/runtime_init.c.obj
                0x1000a6f0                __pre_init_runtime_init_rp2040_gpio_ie_disable
 .preinit_array.01000
                0x1000a6f4        0x4 CMakeFiles/test.dir/Users/ludvignorin/pico/pico-sdk/src/rp2_common/pico_runtime_init/runtime_init.c.obj
                0x1000a6f4                __pre_init_runtime_init_spin_locks_reset
 .preinit_array.01100
                0x1000a6f8        0x4 CMakeFiles/test.dir/Users/ludvignorin/pico/pico-sdk/src/common/pico_sync/mutex.c.obj
                0x1000a6f8                __pre_init_runtime_init_mutex
 .preinit_array.10080
                0x1000a6fc        0x4 CMakeFiles/test.dir/Users/ludvignorin/pico/pico-sdk/src/rp2_common/pico_runtime_init/runtime_init.c.obj
                0x1000a6fc                __pre_init_runtime_init_install_ram_vector_table
 .preinit_array.11000
                0x1000a700        0x4 CMakeFiles/test.dir/Users/ludvignorin/pico/pico-sdk/src/common/pico_time/time.c.obj
                0x1000a700                __pre_init_runtime_init_default_alarm_pool
 .preinit_array.YYYYY
                0x1000a704        0x4 CMakeFiles/test.dir/Users/ludvignorin/pico/pico-sdk/src/rp2_common/pico_runtime/runtime.c.obj
                0x1000a704                __pre_init_first_per_core_initializer
 .preinit_array.ZZZZZ.01200
                0x1000a708        0x4 CMakeFiles/test.dir/Users/ludvignorin/pico/pico-sdk/src/rp2_common/hardware_irq/irq.c.obj
                0x1000a708                __pre_init_runtime_init_per_core_irq_priorities
 *(.preinit_array)
                0x1000a70c                        PROVIDE (__preinit_array_end = .)
                0x1000a70c                        . = ALIGN (0x4)
                0x1000a70c                        PROVIDE (__init_array_start = .)
 *(SORT_BY_NAME(.init_array.*))
 *(.init_array)
 .init_array    0x1000a70c        0x4 /Applications/ArmGNUToolchain/13.3.rel1/arm-none-eabi/bin/../lib/gcc/arm-none-eabi/13.3.1/thumb/v6-m/nofp/crtbegin.o
 .init_array    0x1000a710        0x4 CMakeFiles/test.dir/Users/ludvignorin/pico/pico-sdk/src/rp2_common/pico_unique_id/unique_id.c.obj
                0x1000a714                        PROVIDE (__init_array_end = .)
                0x1000a714                        . = ALIGN (0x4)
                [!provide]                        PROVIDE (__fini_array_start = .)
 *(SORT_BY_NAME(.fini_array.*))
 *(.fini_array)
                [!provide]                        PROVIDE (__fini_array_end = .)
 *(.eh_frame*)
 .eh_frame      0x1000a714        0x0 /Applications/ArmGNUToolchain/13.3.rel1/arm-none-eabi/bin/../lib/gcc/arm-none-eabi/13.3.1/thumb/v6-m/nofp/crtbegin.o
                0x1000a714                        . = ALIGN (0x4)

.glue_7         0x1000a714        0x0
 .glue_7        0x1000a714        0x0 linker stubs

.glue_7t        0x1000a714        0x0
 .glue_7t       0x1000a714        0x0 linker stubs

.vfp11_veneer   0x1000a714        0x0
 .vfp11_veneer  0x1000a714        0x0 linker stubs

.v4_bx          0x1000a714        0x0
 .v4_bx         0x1000a714        0x0 linker stubs

.iplt           0x1000a714        0x0
 .iplt          0x1000a714        0x0 /Applications/ArmGNUToolchain/13.3.rel1/arm-none-eabi/bin/../lib/gcc/arm-none-eabi/13.3.1/thumb/v6-m/nofp/crtbegin.o

.rodata         0x1000a718    0x37fd0
 *(EXCLUDE_FILE(*libm.a: *libc.a:*lib_a-mem*.o *libgcc.a:) .rodata*)
 .rodata.main.str1.4
                0x1000a718      0x570 CMakeFiles/test.dir/test.c.obj
                                 0x12 (size before relaxing)
 .rodata.panic.str1.4
                0x1000ac88       0x12 CMakeFiles/test.dir/Users/ludvignorin/pico/pico-sdk/src/rp2_common/pico_platform_panic/panic.c.obj
 .rodata.spin_lock_claim_unused.str1.4
                0x1000ac88       0x1b CMakeFiles/test.dir/Users/ludvignorin/pico/pico-sdk/src/rp2_common/hardware_sync/sync.c.obj
 .rodata.user_irq_claim_unused.str1.4
                0x1000ac88       0x1b CMakeFiles/test.dir/Users/ludvignorin/pico/pico-sdk/src/rp2_common/hardware_irq/irq.c.obj
 .rodata.at_the_end_of_time
                0x1000ac88        0x8 CMakeFiles/test.dir/Users/ludvignorin/pico/pico-sdk/src/common/pico_time/time.c.obj
                0x1000ac88                at_the_end_of_time
 .rodata.timer_hardware_alarm_claim.str1.4
                0x1000ac90       0x22 CMakeFiles/test.dir/Users/ludvignorin/pico/pico-sdk/src/rp2_common/hardware_timer/timer.c.obj
 .rodata.hard_assertion_failure.str1.4
                0x1000ac90        0xc CMakeFiles/test.dir/Users/ludvignorin/pico/pico-sdk/src/rp2_common/pico_runtime/runtime.c.obj
 .rodata.missing_double_func_shim.str1.4
                0x1000ac90       0x18 CMakeFiles/test.dir/Users/ludvignorin/pico/pico-sdk/src/rp2_common/pico_double/double_init_rom_rp2040.c.obj
 .rodata.missing_float_func_shim.str1.4
                0x1000ac90        0x1 CMakeFiles/test.dir/Users/ludvignorin/pico/pico-sdk/src/rp2_common/pico_float/float_init_rom_rp2040.c.obj
 .rodata.str1.4
                0x1000ac90       0x2c CMakeFiles/test.dir/Users/ludvignorin/pico/pico-sdk/src/rp2_common/pico_standard_binary_info/standard_binary_info.c.obj
 .rodata.__bi_84
                0x1000ac90        0xc CMakeFiles/test.dir/Users/ludvignorin/pico/pico-sdk/src/rp2_common/pico_standard_binary_info/standard_binary_info.c.obj
 .rodata.__bi_54
                0x1000ac9c        0xc CMakeFiles/test.dir/Users/ludvignorin/pico/pico-sdk/src/rp2_common/pico_standard_binary_info/standard_binary_info.c.obj
 .rodata.__bi_48
                0x1000aca8        0xc CMakeFiles/test.dir/Users/ludvignorin/pico/pico-sdk/src/rp2_common/pico_standard_binary_info/standard_binary_info.c.obj
 .rodata.__bi_42
                0x1000acb4        0xc CMakeFiles/test.dir/Users/ludvignorin/pico/pico-sdk/src/rp2_common/pico_standard_binary_info/standard_binary_info.c.obj
 .rodata.__bi_34
                0x1000acc0        0xc CMakeFiles/test.dir/Users/ludvignorin/pico/pico-sdk/src/rp2_common/pico_standard_binary_info/standard_binary_info.c.obj
 .rodata.__bi_26
                0x1000accc        0xc CMakeFiles/test.dir/Users/ludvignorin/pico/pico-sdk/src/rp2_common/pico_standard_binary_info/standard_binary_info.c.obj
 .rodata._ftoa.str1.4
                0x1000acd8       0x15 CMakeFiles/test.dir/Users/ludvignorin/pico/pico-sdk/src/rp2_common/pico_printf/printf.c.obj
 .rodata._vsnprintf
                0x1000acd8      0x19c CMakeFiles/test.dir/Users/ludvignorin/pico/pico-sdk/src/rp2_common/pico_printf/printf.c.obj
 *fill*         0x1000ae74        0x4 
 .rodata.pow10.0
                0x1000ae78       0x50 CMakeFiles/test.dir/Users/ludvignorin/pico/pico-sdk/src/rp2_common/pico_printf/printf.c.obj
 .rodata.crlf_str.0
                0x1000aec8        0x2 CMakeFiles/test.dir/Users/ludvignorin/pico/pico-sdk/src/rp2_common/pico_stdio/stdio.c.obj
 .rodata.str1.4
                0x1000aeca       0x2c CMakeFiles/test.dir/Users/ludvignorin/pico/pico-sdk/src/rp2_common/pico_stdio_uart/stdio_uart.c.obj
 *fill*         0x1000aeca        0x2 
 .rodata.__bi_45.4
                0x1000aecc        0xc CMakeFiles/test.dir/Users/ludvignorin/pico/pico-sdk/src/rp2_common/pico_stdio_uart/stdio_uart.c.obj
 .rodata.__bi_49.5
                0x1000aed8        0x8 CMakeFiles/test.dir/Users/ludvignorin/pico/pico-sdk/src/rp2_common/pico_stdio_uart/stdio_uart.c.obj
 .rodata.__bi_50.6
                0x1000aee0        0x8 CMakeFiles/test.dir/Users/ludvignorin/pico/pico-sdk/src/rp2_common/pico_stdio_uart/stdio_uart.c.obj
 .rodata._resetd_driver
                0x1000aee8       0x20 CMakeFiles/test.dir/Users/ludvignorin/pico/pico-sdk/src/rp2_common/pico_stdio_usb/reset_interface.c.obj
 .rodata.desc_ms_os_20
                0x1000af08       0xa6 CMakeFiles/test.dir/Users/ludvignorin/pico/pico-sdk/src/rp2_common/pico_stdio_usb/reset_interface.c.obj
 *fill*         0x1000afae        0x2 
 .rodata.desc_bos
                0x1000afb0       0x21 CMakeFiles/test.dir/Users/ludvignorin/pico/pico-sdk/src/rp2_common/pico_stdio_usb/reset_interface.c.obj
                0x1000afb0                desc_bos
 .rodata.str1.4
                0x1000afd1       0x13 CMakeFiles/test.dir/Users/ludvignorin/pico/pico-sdk/src/rp2_common/pico_stdio_usb/stdio_usb.c.obj
 *fill*         0x1000afd1        0x3 
 .rodata.__bi_197.0
                0x1000afd4        0xc CMakeFiles/test.dir/Users/ludvignorin/pico/pico-sdk/src/rp2_common/pico_stdio_usb/stdio_usb.c.obj
 .rodata.str1.4
                0x1000afe0       0x2a CMakeFiles/test.dir/Users/ludvignorin/pico/pico-sdk/src/rp2_common/pico_stdio_usb/stdio_usb_descriptors.c.obj
 .rodata.usbd_desc_str
                0x1000afe0       0x18 CMakeFiles/test.dir/Users/ludvignorin/pico/pico-sdk/src/rp2_common/pico_stdio_usb/stdio_usb_descriptors.c.obj
 .rodata.usbd_desc_cfg
                0x1000aff8       0x54 CMakeFiles/test.dir/Users/ludvignorin/pico/pico-sdk/src/rp2_common/pico_stdio_usb/stdio_usb_descriptors.c.obj
 .rodata.usbd_desc_device
                0x1000b04c       0x12 CMakeFiles/test.dir/Users/ludvignorin/pico/pico-sdk/src/rp2_common/pico_stdio_usb/stdio_usb_descriptors.c.obj
 .rodata.str1.4
                0x1000b05e       0x14 CMakeFiles/test.dir/Users/ludvignorin/pico/pico-sdk/lib/tinyusb/src/portable/raspberrypi/rp2040/dcd_rp2040.c.obj
 .rodata.str1.4
                0x1000b05e       0x48 CMakeFiles/test.dir/Users/ludvignorin/pico/pico-sdk/lib/tinyusb/src/portable/raspberrypi/rp2040/rp2040_usb.c.obj
 *fill*         0x1000b05e        0x2 
 .rodata.tud_task_ext
                0x1000b060       0x8c CMakeFiles/test.dir/Users/ludvignorin/pico/pico-sdk/lib/tinyusb/src/device/usbd.c.obj
 .rodata        0x1000b0ec       0x1c CMakeFiles/test.dir/Users/ludvignorin/pico/pico-sdk/lib/tinyusb/src/device/usbd.c.obj
 .rodata._usbd_driver
                0x1000b108       0x40 CMakeFiles/test.dir/Users/ludvignorin/pico/pico-sdk/lib/tinyusb/src/device/usbd.c.obj
 .rodata.cyw43_read_bytes.str1.4
                0x1000b148       0x1a CMakeFiles/test.dir/Users/ludvignorin/pico/pico-sdk/src/rp2_common/pico_cyw43_driver/cyw43_bus_pio_spi.c.obj
 .rodata.cyw43_write_bytes.str1.4
                0x1000b148        0xd CMakeFiles/test.dir/Users/ludvignorin/pico/pico-sdk/src/rp2_common/pico_cyw43_driver/cyw43_bus_pio_spi.c.obj
 .rodata.spi_gap01_sample0_program
                0x1000b148        0x8 CMakeFiles/test.dir/Users/ludvignorin/pico/pico-sdk/src/rp2_common/pico_cyw43_driver/cyw43_bus_pio_spi.c.obj
 .rodata.spi_gap01_sample0_program_instructions
                0x1000b150        0xc CMakeFiles/test.dir/Users/ludvignorin/pico/pico-sdk/src/rp2_common/pico_cyw43_driver/cyw43_bus_pio_spi.c.obj
 .rodata.cyw43_kso_set.str1.4
                0x1000b15c       0x23 CMakeFiles/test.dir/Users/ludvignorin/pico/pico-sdk/lib/cyw43-driver/src/cyw43_ll.c.obj
 .rodata.cyw43_ll_sdpcm_poll_device.str1.4
                0x1000b15c       0x55 CMakeFiles/test.dir/Users/ludvignorin/pico/pico-sdk/lib/cyw43-driver/src/cyw43_ll.c.obj
 .rodata.cyw43_sdpcm_send_common.str1.4
                0x1000b15c       0x22 CMakeFiles/test.dir/Users/ludvignorin/pico/pico-sdk/lib/cyw43-driver/src/cyw43_ll.c.obj
 .rodata.cyw43_do_ioctl.part.0.str1.4
                0x1000b15c       0x53 CMakeFiles/test.dir/Users/ludvignorin/pico/pico-sdk/lib/cyw43-driver/src/cyw43_ll.c.obj
 .rodata.reset_device_core.constprop.0.str1.4
                0x1000b15c       0x1a CMakeFiles/test.dir/Users/ludvignorin/pico/pico-sdk/lib/cyw43-driver/src/cyw43_ll.c.obj
 .rodata.cyw43_ll_wifi_on.str1.4
                0x1000b15c       0x52 CMakeFiles/test.dir/Users/ludvignorin/pico/pico-sdk/lib/cyw43-driver/src/cyw43_ll.c.obj
 .rodata.cyw43_ll_bus_init.str1.4
                0x1000b15c       0xea CMakeFiles/test.dir/Users/ludvignorin/pico/pico-sdk/lib/cyw43-driver/src/cyw43_ll.c.obj
 .rodata.cyw43_ll_gpio_set.str1.4
                0x1000b15c        0x8 CMakeFiles/test.dir/Users/ludvignorin/pico/pico-sdk/lib/cyw43-driver/src/cyw43_ll.c.obj
 .rodata.w43439A0_7_95_49_00_combined
                0x1000b15c    0x36fd8 CMakeFiles/test.dir/Users/ludvignorin/pico/pico-sdk/lib/cyw43-driver/src/cyw43_ll.c.obj
 .rodata.wifi_nvram_4343
                0x10042134      0x2e7 CMakeFiles/test.dir/Users/ludvignorin/pico/pico-sdk/lib/cyw43-driver/src/cyw43_ll.c.obj
 *fill*         0x1004241b        0x1 
 .rodata        0x1004241c       0x72 CMakeFiles/test.dir/Users/ludvignorin/pico/pico-sdk/lib/cyw43-driver/src/cyw43_ll.c.obj
 .rodata.cyw43_cb_process_async_event.str1.4
                0x1004248e       0x28 CMakeFiles/test.dir/Users/ludvignorin/pico/pico-sdk/lib/cyw43-driver/src/cyw43_ctrl.c.obj
 *fill*         0x1004248e        0x2 
 .rodata.cyw43_cb_process_async_event
                0x10042490       0xbc CMakeFiles/test.dir/Users/ludvignorin/pico/pico-sdk/lib/cyw43-driver/src/cyw43_ctrl.c.obj
 .rodata.str1.4
                0x1004254c       0x9e CMakeFiles/test.dir/Users/ludvignorin/pico/pico-sdk/lib/cyw43-driver/src/cyw43_ctrl.c.obj
 .rodata.cyw43_async_event_name_table
                0x1004254c      0x164 CMakeFiles/test.dir/Users/ludvignorin/pico/pico-sdk/lib/cyw43-driver/src/cyw43_ctrl.c.obj
 .rodata.pio_claim_unused_sm.str1.4
                0x100426b0       0x24 CMakeFiles/test.dir/Users/ludvignorin/pico/pico-sdk/src/rp2_common/hardware_pio/pio.c.obj
 .rodata.dma_claim_unused_channel.str1.4
                0x100426b0       0x1e CMakeFiles/test.dir/Users/ludvignorin/pico/pico-sdk/src/rp2_common/hardware_dma/dma.c.obj
 .rodata.cyw43_cb_tcpip_set_link_up.str1.4
                0x100426b0       0x20 CMakeFiles/test.dir/Users/ludvignorin/pico/pico-sdk/src/rp2_common/pico_cyw43_driver/cyw43_driver.c.obj
 .rodata.async_context_threadsafe_background_lock_check.str1.4
                0x100426b0       0x20 CMakeFiles/test.dir/Users/ludvignorin/pico/pico-sdk/src/rp2_common/pico_async_context/async_context_threadsafe_background.c.obj
 .rodata.template
                0x100426b0       0x38 CMakeFiles/test.dir/Users/ludvignorin/pico/pico-sdk/src/rp2_common/pico_async_context/async_context_threadsafe_background.c.obj
                0x100426e8                        . = ALIGN (0x4)
 *(SORT_BY_ALIGNMENT(SORT_BY_NAME(.flashdata*)))
                0x100426e8                        . = ALIGN (0x4)

.ARM.extab
 *(.ARM.extab* .gnu.linkonce.armextab.*)
                0x100426e8                        __exidx_start = .

.ARM.exidx
 *(.ARM.exidx* .gnu.linkonce.armexidx.*)
                0x100426e8                        __exidx_end = .
                0x100426e8                        . = ALIGN (0x4)
                0x100426e8                        __binary_info_start = .

.binary_info    0x100426e8       0x28
 *(.binary_info.keep.*)
 .binary_info.keep.__bi_ptr84
                0x100426e8        0x4 CMakeFiles/test.dir/Users/ludvignorin/pico/pico-sdk/src/rp2_common/pico_standard_binary_info/standard_binary_info.c.obj
 .binary_info.keep.__bi_ptr54
                0x100426ec        0x4 CMakeFiles/test.dir/Users/ludvignorin/pico/pico-sdk/src/rp2_common/pico_standard_binary_info/standard_binary_info.c.obj
 .binary_info.keep.__bi_ptr48
                0x100426f0        0x4 CMakeFiles/test.dir/Users/ludvignorin/pico/pico-sdk/src/rp2_common/pico_standard_binary_info/standard_binary_info.c.obj
 .binary_info.keep.__bi_ptr42
                0x100426f4        0x4 CMakeFiles/test.dir/Users/ludvignorin/pico/pico-sdk/src/rp2_common/pico_standard_binary_info/standard_binary_info.c.obj
 .binary_info.keep.__bi_ptr34
                0x100426f8        0x4 CMakeFiles/test.dir/Users/ludvignorin/pico/pico-sdk/src/rp2_common/pico_standard_binary_info/standard_binary_info.c.obj
 .binary_info.keep.__bi_ptr26
                0x100426fc        0x4 CMakeFiles/test.dir/Users/ludvignorin/pico/pico-sdk/src/rp2_common/pico_standard_binary_info/standard_binary_info.c.obj
 *(.binary_info.*)
 .binary_info.__bi_ptr50
                0x10042700        0x4 CMakeFiles/test.dir/Users/ludvignorin/pico/pico-sdk/src/rp2_common/pico_stdio_uart/stdio_uart.c.obj
 .binary_info.__bi_ptr49
                0x10042704        0x4 CMakeFiles/test.dir/Users/ludvignorin/pico/pico-sdk/src/rp2_common/pico_stdio_uart/stdio_uart.c.obj
 .binary_info.__bi_ptr45
                0x10042708        0x4 CMakeFiles/test.dir/Users/ludvignorin/pico/pico-sdk/src/rp2_common/pico_stdio_uart/stdio_uart.c.obj
 .binary_info.__bi_ptr197